Component: ARM Compiler 5.05 update 1 (build 106) Tool: armlink [4d0efa]

==============================================================================

Section Cross References

    system_stm32f4xx.o(i.SystemCoreClockUpdate) refers to system_stm32f4xx.o(.data) for .data
    system_stm32f4xx.o(i.SystemInit) refers to system_stm32f4xx.o(i.SetSysClock) for SetSysClock
    startup_stm32f4xx.o(RESET) refers to startup_stm32f4xx.o(STACK) for __initial_sp
    startup_stm32f4xx.o(RESET) refers to startup_stm32f4xx.o(.text) for Reset_Handler
    startup_stm32f4xx.o(RESET) refers to stm32f4xx_it.o(i.NMI_Handler) for NMI_Handler
    startup_stm32f4xx.o(RESET) refers to stm32f4xx_it.o(i.HardFault_Handler) for HardFault_Handler
    startup_stm32f4xx.o(RESET) refers to stm32f4xx_it.o(i.MemManage_Handler) for MemManage_Handler
    startup_stm32f4xx.o(RESET) refers to stm32f4xx_it.o(i.BusFault_Handler) for BusFault_Handler
    startup_stm32f4xx.o(RESET) refers to stm32f4xx_it.o(i.UsageFault_Handler) for UsageFault_Handler
    startup_stm32f4xx.o(RESET) refers to port.o(.emb_text) for SVC_Handler
    startup_stm32f4xx.o(RESET) refers to stm32f4xx_it.o(i.DebugMon_Handler) for DebugMon_Handler
    startup_stm32f4xx.o(RESET) refers to stm32f4xx_it.o(i.SysTick_Handler) for SysTick_Handler
    startup_stm32f4xx.o(RESET) refers to mechanicalcontrol.o(i.EXTI0_IRQHandler) for EXTI0_IRQHandler
    startup_stm32f4xx.o(RESET) refers to stm32f4xx_it.o(i.USART1_IRQHandler) for USART1_IRQHandler
    startup_stm32f4xx.o(.text) refers to system_stm32f4xx.o(i.SystemInit) for SystemInit
    startup_stm32f4xx.o(.text) refers to entry.o(.ARM.Collect$$$$00000000) for __main
    main.o(i.Delay) refers to tasks.o(i.vTaskDelay) for vTaskDelay
    main.o(i.Main_task) refers to mechanicalcontrol.o(i.mechanical_init) for mechanical_init
    main.o(i.Main_task) refers to uart.o(i.uart_init) for uart_init
    main.o(i.Main_task) refers to ads1255.o(i.ADC_init) for ADC_init
    main.o(i.Main_task) refers to tasks.o(i.vTaskDelete) for vTaskDelete
    main.o(i.ToggleLed) refers to led.o(i.STM_EVAL_LEDToggle) for STM_EVAL_LEDToggle
    main.o(i.ToggleLed) refers to tasks.o(i.vTaskDelay) for vTaskDelay
    main.o(i.main) refers to board_init.o(i.board_init) for board_init
    main.o(i.main) refers to malloc.o(i.my_mem_init) for my_mem_init
    main.o(i.main) refers to queue.o(i.xQueueGenericCreate) for xQueueGenericCreate
    main.o(i.main) refers to misc.o(i.NVIC_PriorityGroupConfig) for NVIC_PriorityGroupConfig
    main.o(i.main) refers to tasks.o(i.xTaskGenericCreate) for xTaskGenericCreate
    main.o(i.main) refers to tasks.o(i.vTaskStartScheduler) for vTaskStartScheduler
    main.o(i.main) refers to main.o(.data) for .data
    main.o(i.main) refers to main.o(i.Main_task) for Main_task
    stm32f4xx_it.o(i.SysTick_Handler) refers to port.o(i.xPortSysTickHandler) for xPortSysTickHandler
    stm32f4xx_it.o(i.USART1_IRQHandler) refers to stm32f4xx_usart.o(i.USART_GetITStatus) for USART_GetITStatus
    stm32f4xx_it.o(i.USART1_IRQHandler) refers to rs485.o(i.ppp_char_process) for ppp_char_process
    api_lib.o(i.netconn_accept) refers to sys_arch.o(i.sys_mbox_valid) for sys_mbox_valid
    api_lib.o(i.netconn_accept) refers to sys_arch.o(i.sys_arch_mbox_fetch) for sys_arch_mbox_fetch
    api_lib.o(i.netconn_accept) refers to tcpip.o(i.tcpip_apimsg) for tcpip_apimsg
    api_lib.o(i.netconn_accept) refers to api_msg.o(i.do_recv) for do_recv
    api_lib.o(i.netconn_bind) refers to tcpip.o(i.tcpip_apimsg) for tcpip_apimsg
    api_lib.o(i.netconn_bind) refers to api_msg.o(i.do_bind) for do_bind
    api_lib.o(i.netconn_close) refers to api_lib.o(i.netconn_close_shutdown) for netconn_close_shutdown
    api_lib.o(i.netconn_close_shutdown) refers to tcpip.o(i.tcpip_apimsg) for tcpip_apimsg
    api_lib.o(i.netconn_close_shutdown) refers to api_msg.o(i.do_close) for do_close
    api_lib.o(i.netconn_connect) refers to tcpip.o(i.tcpip_apimsg) for tcpip_apimsg
    api_lib.o(i.netconn_connect) refers to api_msg.o(i.do_connect) for do_connect
    api_lib.o(i.netconn_delete) refers to tcpip.o(i.tcpip_apimsg) for tcpip_apimsg
    api_lib.o(i.netconn_delete) refers to api_msg.o(i.netconn_free) for netconn_free
    api_lib.o(i.netconn_delete) refers to api_msg.o(i.do_delconn) for do_delconn
    api_lib.o(i.netconn_disconnect) refers to tcpip.o(i.tcpip_apimsg) for tcpip_apimsg
    api_lib.o(i.netconn_disconnect) refers to api_msg.o(i.do_disconnect) for do_disconnect
    api_lib.o(i.netconn_getaddr) refers to tcpip.o(i.tcpip_apimsg) for tcpip_apimsg
    api_lib.o(i.netconn_getaddr) refers to api_msg.o(i.do_getaddr) for do_getaddr
    api_lib.o(i.netconn_listen_with_backlog) refers to tcpip.o(i.tcpip_apimsg) for tcpip_apimsg
    api_lib.o(i.netconn_listen_with_backlog) refers to api_msg.o(i.do_listen) for do_listen
[...]
    i.mechanical_exit_control                0x080023dc   Section        0  mechanicalcontrol.o(i.mechanical_exit_control)
    i.mechanical_exit_irq                    0x080023fc   Section        0  mechanicalcontrol.o(i.mechanical_exit_irq)
    i.mechanical_init                        0x0800242c   Section        0  mechanicalcontrol.o(i.mechanical_init)
    i.mechanical_thread                      0x08002454   Section        0  mechanicalcontrol.o(i.mechanical_thread)
    mechanical_thread                        0x08002455   Thumb Code    66  mechanicalcontrol.o(i.mechanical_thread)
    i.mechanicalcontrol_init                 0x080024a4   Section        0  mechanicalcontrol.o(i.mechanicalcontrol_init)
    i.momal_sample_gpio_init                 0x080024c8   Section        0  sensor_test.o(i.momal_sample_gpio_init)
    i.mot_approach                           0x080024f4   Section        0  mechanicalcontrol.o(i.mot_approach)
    i.mot_stretch                            0x08002534   Section        0  mechanicalcontrol.o(i.mot_stretch)
    i.my_mem_init                            0x08002574   Section        0  malloc.o(i.my_mem_init)
    i.my_mem_malloc                          0x080025b0   Section        0  malloc.o(i.my_mem_malloc)
    i.my_mem_perused                         0x08002640   Section        0  malloc.o(i.my_mem_perused)
    i.mymalloc                               0x08002678   Section        0  malloc.o(i.mymalloc)
    i.mymemset                               0x08002698   Section        0  malloc.o(i.mymemset)
    i.ppp_char_process                       0x080026a8   Section        0  rs485.o(i.ppp_char_process)
    i.ppp_clear_isr_recv                     0x080028a0   Section        0  rs485.o(i.ppp_clear_isr_recv)
    i.ppp_rs485_configuration                0x080028cc   Section        0  rs485.o(i.ppp_rs485_configuration)
    i.ppp_rs485_configuration_host           0x080028e4   Section        0  rs485.o(i.ppp_rs485_configuration_host)
    i.ppp_send_data                          0x080029c4   Section        0  rs485.o(i.ppp_send_data)
    i.ppp_send_frame                         0x080029d8   Section        0  rs485.o(i.ppp_send_frame)
    i.prvAddCurrentTaskToDelayedList         0x08002b1c   Section        0  tasks.o(i.prvAddCurrentTaskToDelayedList)
    prvAddCurrentTaskToDelayedList           0x08002b1d   Thumb Code    48  tasks.o(i.prvAddCurrentTaskToDelayedList)
    i.prvCheckTasksWaitingTermination        0x08002b50   Section        0  tasks.o(i.prvCheckTasksWaitingTermination)
    prvCheckTasksWaitingTermination          0x08002b51   Thumb Code    76  tasks.o(i.prvCheckTasksWaitingTermination)
    i.prvCopyDataFromQueue                   0x08002ba4   Section        0  queue.o(i.prvCopyDataFromQueue)
    prvCopyDataFromQueue                     0x08002ba5   Thumb Code    40  queue.o(i.prvCopyDataFromQueue)
    i.prvCopyDataToQueue                     0x08002bcc   Section        0  queue.o(i.prvCopyDataToQueue)
    prvCopyDataToQueue                       0x08002bcd   Thumb Code    90  queue.o(i.prvCopyDataToQueue)
    i.prvHeapInit                            0x08002c28   Section        0  heap_4.o(i.prvHeapInit)
    prvHeapInit                              0x08002c29   Thumb Code    66  heap_4.o(i.prvHeapInit)
    i.prvIdleTask                            0x08002c74   Section        0  tasks.o(i.prvIdleTask)
    prvIdleTask                              0x08002c75   Thumb Code    20  tasks.o(i.prvIdleTask)
    i.prvInsertBlockIntoFreeList             0x08002c8c   Section        0  heap_4.o(i.prvInsertBlockIntoFreeList)
    prvInsertBlockIntoFreeList               0x08002c8d   Thumb Code    72  heap_4.o(i.prvInsertBlockIntoFreeList)
    i.prvUnlockQueue                         0x08002cd8   Section        0  queue.o(i.prvUnlockQueue)
    prvUnlockQueue                           0x08002cd9   Thumb Code   100  queue.o(i.prvUnlockQueue)
    i.pvPortMalloc                           0x08002d3c   Section        0  heap_4.o(i.pvPortMalloc)
    i.pxPortInitialiseStack                  0x08002dc0   Section        0  port.o(i.pxPortInitialiseStack)
    i.sensor_test_common_mode                0x08002ddc   Section        0  sensor_test.o(i.sensor_test_common_mode)
    i.sensor_test_distortion                 0x08002e70   Section        0  sensor_test.o(i.sensor_test_distortion)
    i.sensor_test_gravity                    0x08002f04   Section        0  sensor_test.o(i.sensor_test_gravity)
    i.sensor_test_impulse_response           0x08002f28   Section        0  sensor_test.o(i.sensor_test_impulse_response)
    i.sensor_test_tilt                       0x08002fbc   Section        0  sensor_test.o(i.sensor_test_tilt)
    i.sensor_test_within_noise               0x08002fe0   Section        0  sensor_test.o(i.sensor_test_within_noise)
    i.signals_OFF                            0x08003004   Section        0  signalsgeneration.o(i.signals_OFF)
    i.signals_ON                             0x0800301c   Section        0  signalsgeneration.o(i.signals_ON)
    i.signals_generation_init                0x080030e8   Section        0  signalsgeneration.o(i.signals_generation_init)
    i.start_pre_sample                       0x080031b8   Section        0  ads1255.o(i.start_pre_sample)
    i.test_common_mode                       0x0800329c   Section        0  sensor_test.o(i.test_common_mode)
    i.test_conformance                       0x08003314   Section        0  sensor_test.o(i.test_conformance)
    i.test_crosstalk                         0x0800338c   Section        0  sensor_test.o(i.test_crosstalk)
    i.test_distortion                        0x08003400   Section        0  sensor_test.o(i.test_distortion)
    i.test_gain_Pulsewave                    0x08003478   Section        0  sensor_test.o(i.test_gain_Pulsewave)
    i.test_impulse_response                  0x080034e8   Section        0  sensor_test.o(i.test_impulse_response)
    i.test_res                               0x08003560   Section        0  sensor_test.o(i.test_res)
    i.test_within_noise                      0x080035d8   Section        0  sensor_test.o(i.test_within_noise)
    i.uart_init                              0x08003608   Section        0  uart.o(i.uart_init)
    i.uart_server                            0x0800363c   Section        0  uart.o(i.uart_server)
    i.uart_thread                            0x08003c80   Section        0  uart.o(i.uart_thread)
    uart_thread                              0x08003c81   Thumb Code    38  uart.o(i.uart_thread)
    i.uxListRemove                           0x08003cac   Section        0  list.o(i.uxListRemove)
    i.vListInitialise                        0x08003cd2   Section        0  list.o(i.vListInitialise)
    i.vListInitialiseItem                    0x08003ce8   Section        0  list.o(i.vListInitialiseItem)
    i.vListInsert                            0x08003cee   Section        0  list.o(i.vListInsert)
    i.vListInsertEnd                         0x08003d1e   Section        0  list.o(i.vListInsertEnd)
    i.vPortEnterCritical                     0x08003d3c   Section        0  port.o(i.vPortEnterCritical)
    i.vPortExitCritical                      0x08003d50   Section        0  port.o(i.vPortExitCritical)
    i.vPortFree                              0x08003d64   Section        0  heap_4.o(i.vPortFree)
    i.vPortSetupTimerInterrupt               0x08003d90   Section        0  port.o(i.vPortSetupTimerInterrupt)
    i.vPortYieldFromISR                      0x08003db0   Section        0  port.o(i.vPortYieldFromISR)
    i.vTaskDelay                             0x08003dc0   Section        0  tasks.o(i.vTaskDelay)
    i.vTaskDelete                            0x08003df4   Section        0  tasks.o(i.vTaskDelete)
    i.vTaskIncrementTick                     0x08003e58   Section        0  tasks.o(i.vTaskIncrementTick)
    i.vTaskMissedYield                       0x08003f04   Section        0  tasks.o(i.vTaskMissedYield)
    i.vTaskPlaceOnEventList                  0x08003f10   Section        0  tasks.o(i.vTaskPlaceOnEventList)
    i.vTaskPriorityDisinherit                0x08003f40   Section        0  tasks.o(i.vTaskPriorityDisinherit)
    i.vTaskPriorityInherit                   0x08003f88   Section        0  tasks.o(i.vTaskPriorityInherit)
    i.vTaskSetTimeOutState                   0x08003fec   Section        0  tasks.o(i.vTaskSetTimeOutState)
    i.vTaskStartScheduler                    0x08004008   Section        0  tasks.o(i.vTaskStartScheduler)
    i.vTaskSuspendAll                        0x08004054   Section        0  tasks.o(i.vTaskSuspendAll)
    i.vTaskSwitchContext                     0x08004064   Section        0  tasks.o(i.vTaskSwitchContext)
    i.xPortStartScheduler                    0x080040bc   Section        0  port.o(i.xPortStartScheduler)
    i.xPortSysTickHandler                    0x080040ec   Section        0  port.o(i.xPortSysTickHandler)
    i.xQueueGenericCreate                    0x0800410c   Section        0  queue.o(i.xQueueGenericCreate)
    i.xQueueGenericReceive                   0x08004154   Section        0  queue.o(i.xQueueGenericReceive)
    i.xQueueGenericReset                     0x08004274   Section        0  queue.o(i.xQueueGenericReset)
    i.xQueueGenericSend                      0x080042d6   Section        0  queue.o(i.xQueueGenericSend)
    i.xQueueGenericSendFromISR               0x080043c0   Section        0  queue.o(i.xQueueGenericSendFromISR)
    i.xTaskCheckForTimeOut                   0x08004434   Section        0  tasks.o(i.xTaskCheckForTimeOut)
    i.xTaskGenericCreate                     0x0800448c   Section        0  tasks.o(i.xTaskGenericCreate)
    i.xTaskGetCurrentTaskHandle              0x08004604   Section        0  tasks.o(i.xTaskGetCurrentTaskHandle)
    i.xTaskRemoveFromEventList               0x08004610   Section        0  tasks.o(i.xTaskRemoveFromEventList)
    i.xTaskResumeAll                         0x08004670   Section        0  tasks.o(i.xTaskResumeAll)
    .constdata                               0x08004720   Section     2816  signalsgeneration.o(.constdata)
    .constdata                               0x08005220   Section       36  malloc.o(.constdata)
    .ARM.__AT_0x10000000                     0x10000000   Section    61440  malloc.o(.ARM.__AT_0x10000000)
    .ARM.__AT_0x1000F000                     0x1000f000   Section     3840  malloc.o(.ARM.__AT_0x1000F000)
    .data                                    0x20000000   Section       20  system_stm32f4xx.o(.data)
    .data                                    0x20000014   Section       20  main.o(.data)
    .data                                    0x20000028   Section       16  stm32f4xx_rcc.o(.data)
    APBAHBPrescTable                         0x20000028   Data          16  stm32f4xx_rcc.o(.data)
    .data                                    0x20000038   Section       16  heap_4.o(.data)
    pxEnd                                    0x20000038   Data           4  heap_4.o(.data)
    xFreeBytesRemaining                      0x2000003c   Data           4  heap_4.o(.data)
    xStart                                   0x20000040   Data           8  heap_4.o(.data)
    .data                                    0x20000048   Section       60  tasks.o(.data)
    uxTasksDeleted                           0x2000004c   Data           4  tasks.o(.data)
    uxCurrentNumberOfTasks                   0x20000050   Data           4  tasks.o(.data)
    xTickCount                               0x20000054   Data           4  tasks.o(.data)
    uxTopUsedPriority                        0x20000058   Data           4  tasks.o(.data)
    uxTopReadyPriority                       0x2000005c   Data           4  tasks.o(.data)
    xSchedulerRunning                        0x20000060   Data           4  tasks.o(.data)
    uxSchedulerSuspended                     0x20000064   Data           4  tasks.o(.data)
    uxMissedTicks                            0x20000068   Data           4  tasks.o(.data)
    xMissedYield                             0x2000006c   Data           4  tasks.o(.data)
    xNumOfOverflows                          0x20000070   Data           4  tasks.o(.data)
    uxTaskNumber                             0x20000074   Data           4  tasks.o(.data)
    xNextTaskUnblockTime                     0x20000078   Data           4  tasks.o(.data)
    pxDelayedTaskList                        0x2000007c   Data           4  tasks.o(.data)
    pxOverflowDelayedTaskList                0x20000080   Data           4  tasks.o(.data)
    .data                                    0x20000084   Section        4  port.o(.data)
    uxCriticalNesting                        0x20000084   Data           4  port.o(.data)
    .data                                    0x20000088   Section      256  crc_8.o(.data)
    .data                                    0x20000188   Section        4  uart.o(.data)
    .data                                    0x2000018c   Section       17  ads1255.o(.data)
    .data                                    0x2000019d   Section        3  direction.o(.data)
    .data                                    0x200001a0   Section        3  direction.o(.data)
    .data                                    0x200001a3   Section        3  direction.o(.data)
    .data                                    0x200001a6   Section        3  direction.o(.data)
    .data                                    0x200001a9   Section        3  direction.o(.data)
    .data                                    0x200001ac   Section        3  direction.o(.data)
    .data                                    0x200001af   Section        3  direction.o(.data)
    .data                                    0x200001b2   Section        3  direction.o(.data)
    .data                                    0x200001b5   Section        3  direction.o(.data)
    .data                                    0x200001b8   Section        3  direction.o(.data)
    .data                                    0x200001bb   Section        3  direction.o(.data)
    .data                                    0x200001be   Section        3  direction.o(.data)
    .data                                    0x200001c1   Section        3  direction.o(.data)
    .data                                    0x200001c4   Section        3  direction.o(.data)
    .data                                    0x200001c7   Section        3  direction.o(.data)
    .data                                    0x200001ca   Section        3  direction.o(.data)
    .data                                    0x200001cd   Section        3  direction.o(.data)
    .data                                    0x200001d0   Section        3  direction.o(.data)
    .data                                    0x200001d3   Section        3  direction.o(.data)
    .data                                    0x200001d6   Section        3  direction.o(.data)
    .data                                    0x200001d9   Section        3  direction.o(.data)
    .data                                    0x200001dc   Section        3  direction.o(.data)
    .data                                    0x200001df   Section        3  direction.o(.data)
    .data                                    0x200001e2   Section        3  direction.o(.data)
    .data                                    0x200001e5   Section        3  direction.o(.data)
    .data                                    0x200001e8   Section        3  direction.o(.data)
    .data                                    0x200001eb   Section        3  direction.o(.data)
    .data                                    0x200001ee   Section        2  mechanicalcontrol.o(.data)
    .data                                    0x200001f0   Section        1  signalsgeneration.o(.data)
    .data                                    0x200001f4   Section       36  malloc.o(.data)
    .bss                                     0x20000218   Section    15360  heap_4.o(.bss)
    xHeap                                    0x20000218   Data       15360  heap_4.o(.bss)
    .bss                                     0x20003e18   Section      288  tasks.o(.bss)
    pcStatusString                           0x20003e18   Data          46  tasks.o(.bss)
    pxReadyTasksLists                        0x20003e48   Data         160  tasks.o(.bss)
    xDelayedTaskList1                        0x20003ee8   Data          20  tasks.o(.bss)
    xDelayedTaskList2                        0x20003efc   Data          20  tasks.o(.bss)
    xPendingReadyList                        0x20003f10   Data          20  tasks.o(.bss)
    xTasksWaitingTermination                 0x20003f24   Data          20  tasks.o(.bss)
    .bss                                     0x20003f38   Section     1034  rs485.o(.bss)
    .bss                                     0x20004344   Section       16  ads1255.o(.bss)
    .bss                                     0x20004354   Section       42  direction.o(.bss)
    .bss                                     0x20004380   Section    61440  malloc.o(.bss)
    .bss                                     0x20013380   Section     3840  malloc.o(.bss)
    STACK                                    0x20014280   Section     1024  startup_stm32f4xx.o(STACK)
    .ARM.__AT_0x68000000                     0x68000000   Section    983040  malloc.o(.ARM.__AT_0x68000000)
    .ARM.__AT_0x680F0000                     0x680f0000   Section    61440  malloc.o(.ARM.__AT_0x680F0000)

    Global Symbols

    Symbol Name                              Value     Ov Type        Size  Object(Section)

    BuildAttributes$$THM_ISAv4$E$P$D$K$B$S$7EM$VFPi3$EXTD16$VFPS$VFMA$PE$A:L22UL41UL21$X:L11$S22US41US21$IEEE1$IW$USESV6$~STKCKD$USESV7$~SHL$OSPACE$ROPI$EBA8$MICROLIB$REQ8$PRES8$EABIv2 0x00000000   Number         0  anon$$obj.o ABSOLUTE
    __ARM_use_no_argv                        0x00000000   Number         0  main.o ABSOLUTE
    _printf_a                                0x00000000   Number         0  stubs.o ABSOLUTE
    _printf_c                                0x00000000   Number         0  stubs.o ABSOLUTE
    _printf_charcount                        0x00000000   Number         0  stubs.o ABSOLUTE
    _printf_d                                0x00000000   Number         0  stubs.o ABSOLUTE
    _printf_e                                0x00000000   Number         0  stubs.o ABSOLUTE
    _printf_f                                0x00000000   Number         0  stubs.o ABSOLUTE
    _printf_flags                            0x00000000   Number         0  stubs.o ABSOLUTE
    _printf_fp_dec                           0x00000000   Number         0  stubs.o ABSOLUTE
    _printf_fp_hex                           0x00000000   Number         0  stubs.o ABSOLUTE
    _printf_g                                0x00000000   Number         0  stubs.o ABSOLUTE
    _printf_i                                0x00000000   Number         0  stubs.o ABSOLUTE
    _printf_int_dec                          0x00000000   Number         0  stubs.o ABSOLUTE
    _printf_l                                0x00000000   Number         0  stubs.o ABSOLUTE
    _printf_lc                               0x00000000   Number         0  stubs.o ABSOLUTE
    _printf_ll                               0x00000000   Number         0  stubs.o ABSOLUTE
    _printf_lld                              0x00000000   Number         0  stubs.o ABSOLUTE
    _printf_lli                              0x00000000   Number         0  stubs.o ABSOLUTE
    _printf_llo                              0x00000000   Number         0  stubs.o ABSOLUTE
    _printf_llu                              0x00000000   Number         0  stubs.o ABSOLUTE
    _printf_llx                              0x00000000   Number         0  stubs.o ABSOLUTE
    _printf_longlong_dec                     0x00000000   Number         0  stubs.o ABSOLUTE
    _printf_longlong_hex                     0x00000000   Number         0  stubs.o ABSOLUTE
    _printf_longlong_oct                     0x00000000   Number         0  stubs.o ABSOLUTE
    _printf_ls                               0x00000000   Number         0  stubs.o ABSOLUTE
    _printf_mbtowc                           0x00000000   Number         0  stubs.o ABSOLUTE
    _printf_n                                0x00000000   Number         0  stubs.o ABSOLUTE
    _printf_o                                0x00000000   Number         0  stubs.o ABSOLUTE
    _printf_p                                0x00000000   Number         0  stubs.o ABSOLUTE
    _printf_percent                          0x00000000   Number         0  stubs.o ABSOLUTE
    _printf_pre_padding                      0x00000000   Number         0  stubs.o ABSOLUTE
    _printf_return_value                     0x00000000   Number         0  stubs.o ABSOLUTE
    _printf_s                                0x00000000   Number         0  stubs.o ABSOLUTE
    _printf_sizespec                         0x00000000   Number         0  stubs.o ABSOLUTE
    _printf_str                              0x00000000   Number         0  stubs.o ABSOLUTE
    _printf_truncate_signed                  0x00000000   Number         0  stubs.o ABSOLUTE
    _printf_truncate_unsigned                0x00000000   Number         0  stubs.o ABSOLUTE
    _printf_u                                0x00000000   Number         0  stubs.o ABSOLUTE
    _printf_wc                               0x00000000   Number         0  stubs.o ABSOLUTE
    _printf_wctomb                           0x00000000   Number         0  stubs.o ABSOLUTE
    _printf_widthprec                        0x00000000   Number         0  stubs.o ABSOLUTE
    _printf_x                                0x00000000   Number         0  stubs.o ABSOLUTE
    __cpp_initialize__aeabi_                  - Undefined Weak Reference
    __cxa_finalize                            - Undefined Weak Reference
    _clock_init                               - Undefined Weak Reference
    _microlib_exit                            - Undefined Weak Reference
    __Vectors_Size                           0x00000188   Number         0  startup_stm32f4xx.o ABSOLUTE
    __Vectors                                0x08000000   Data           4  startup_stm32f4xx.o(RESET)
    __Vectors_End                            0x08000188   Data           0  startup_stm32f4xx.o(RESET)
    __main                                   0x08000189   Thumb Code     0  entry.o(.ARM.Collect$$$$00000000)
    _main_stk                                0x08000189   Thumb Code     0  entry2.o(.ARM.Collect$$$$00000001)
    _main_scatterload                        0x0800018d   Thumb Code     0  entry5.o(.ARM.Collect$$$$00000004)
    __main_after_scatterload                 0x08000191   Thumb Code     0  entry5.o(.ARM.Collect$$$$00000004)
    _main_clock                              0x08000191   Thumb Code     0  entry7b.o(.ARM.Collect$$$$00000008)
    _main_cpp_init                           0x08000191   Thumb Code     0  entry8b.o(.ARM.Collect$$$$0000000A)
    _main_init                               0x08000191   Thumb Code     0  entry9a.o(.ARM.Collect$$$$0000000B)
    __rt_final_cpp                           0x08000199   Thumb Code     0  entry10a.o(.ARM.Collect$$$$0000000D)
    __rt_final_exit                          0x08000199   Thumb Code     0  entry11a.o(.ARM.Collect$$$$0000000F)
    SVC_Handler                              0x0800019d   Thumb Code    28  port.o(.emb_text)
    __asm___6_port_c_39a90d8d__prvStartFirstTask 0x080001bd   Thumb Code    16  port.o(.emb_text)
    PendSV_Handler                           0x080001d1   Thumb Code    56  port.o(.emb_text)
    ulPortSetInterruptMask                   0x0800020d   Thumb Code    14  port.o(.emb_text)
    vPortClearInterruptMask                  0x0800021b   Thumb Code     6  port.o(.emb_text)
    Reset_Handler                            0x08000221   Thumb Code     8  startup_stm32f4xx.o(.text)
    ADC_IRQHandler                           0x0800023b   Thumb Code     0  startup_stm32f4xx.o(.text)
    CAN1_RX0_IRQHandler                      0x0800023b   Thumb Code     0  startup_stm32f4xx.o(.text)
    CAN1_RX1_IRQHandler                      0x0800023b   Thumb Code     0  startup_stm32f4xx.o(.text)
    CAN1_SCE_IRQHandler                      0x0800023b   Thumb Code     0  startup_stm32f4xx.o(.text)
    CAN1_TX_IRQHandler                       0x0800023b   Thumb Code     0  startup_stm32f4xx.o(.text)
    CAN2_RX0_IRQHandler                      0x0800023b   Thumb Code     0  startup_stm32f4xx.o(.text)
    CAN2_RX1_IRQHandler                      0x0800023b   Thumb Code     0  startup_stm32f4xx.o(.text)
    CAN2_SCE_IRQHandler                      0x0800023b   Thumb Code     0  startup_stm32f4xx.o(.text)
    CAN2_TX_IRQHandler                       0x0800023b   Thumb Code     0  startup_stm32f4xx.o(.text)
    CRYP_IRQHandler                          0x0800023b   Thumb Code     0  startup_stm32f4xx.o(.text)
    DCMI_IRQHandler                          0x0800023b   Thumb Code     0  startup_stm32f4xx.o(.text)
    DMA1_Stream0_IRQHandler                  0x0800023b   Thumb Code     0  startup_stm32f4xx.o(.text)
    DMA1_Stream1_IRQHandler                  0x0800023b   Thumb Code     0  startup_stm32f4xx.o(.text)
    DMA1_Stream2_IRQHandler                  0x0800023b   Thumb Code     0  startup_stm32f4xx.o(.text)
    DMA1_Stream3_IRQHandler                  0x0800023b   Thumb Code     0  startup_stm32f4xx.o(.text)
    DMA1_Stream4_IRQHandler                  0x0800023b   Thumb Code     0  startup_stm32f4xx.o(.text)
    DMA1_Stream5_IRQHandler                  0x0800023b   Thumb Code     0  startup_stm32f4xx.o(.text)
    DMA1_Stream6_IRQHandler                  0x0800023b   Thumb Code     0  startup_stm32f4xx.o(.text)
    DMA1_Stream7_IRQHandler                  0x0800023b   Thumb Code     0  startup_stm32f4xx.o(.text)
    DMA2_Stream0_IRQHandler                  0x0800023b   Thumb Code     0  startup_stm32f4xx.o(.text)
    DMA2_Stream1_IRQHandler                  0x0800023b   Thumb Code     0  startup_stm32f4xx.o(.text)
    DMA2_Stream2_IRQHandler                  0x0800023b   Thumb Code     0  startup_stm32f4xx.o(.text)
    DMA2_Stream3_IRQHandler                  0x0800023b   Thumb Code     0  startup_stm32f4xx.o(.text)
    DMA2_Stream4_IRQHandler                  0x0800023b   Thumb Code     0  startup_stm32f4xx.o(.text)
    DMA2_Stream5_IRQHandler                  0x0800023b   Thumb Code     0  startup_stm32f4xx.o(.text)
    DMA2_Stream6_IRQHandler                  0x0800023b   Thumb Code     0  startup_stm32f4xx.o(.text)
    DMA2_Stream7_IRQHandler                  0x0800023b   Thumb Code     0  startup_stm32f4xx.o(.text)
    ETH_IRQHandler                           0x0800023b   Thumb Code     0  startup_stm32f4xx.o(.text)
    ETH_WKUP_IRQHandler                      0x0800023b   Thumb Code     0  startup_stm32f4xx.o(.text)
    EXTI15_10_IRQHandler                     0x0800023b   Thumb Code     0  startup_stm32f4xx.o(.text)
    EXTI1_IRQHandler                         0x0800023b   Thumb Code     0  startup_stm32f4xx.o(.text)
    EXTI2_IRQHandler                         0x0800023b   Thumb Code     0  startup_stm32f4xx.o(.text)
    EXTI3_IRQHandler                         0x0800023b   Thumb Code     0  startup_stm32f4xx.o(.text)
    EXTI4_IRQHandler                         0x0800023b   Thumb Code     0  startup_stm32f4xx.o(.text)
    EXTI9_5_IRQHandler                       0x0800023b   Thumb Code     0  startup_stm32f4xx.o(.text)
    FLASH_IRQHandler                         0x0800023b   Thumb Code     0  startup_stm32f4xx.o(.text)
    FPU_IRQHandler                           0x0800023b   Thumb Code     0  startup_stm32f4xx.o(.text)
    FSMC_IRQHandler                          0x0800023b   Thumb Code     0  startup_stm32f4xx.o(.text)
    HASH_RNG_IRQHandler                      0x0800023b   Thumb Code     0  startup_stm32f4xx.o(.text)
    I2C1_ER_IRQHandler                       0x0800023b   Thumb Code     0  startup_stm32f4xx.o(.text)
    I2C1_EV_IRQHandler                       0x0800023b   Thumb Code     0  startup_stm32f4xx.o(.text)
    I2C2_ER_IRQHandler                       0x0800023b   Thumb Code     0  startup_stm32f4xx.o(.text)
    I2C2_EV_IRQHandler                       0x0800023b   Thumb Code     0  startup_stm32f4xx.o(.text)
    I2C3_ER_IRQHandler                       0x0800023b   Thumb Code     0  startup_stm32f4xx.o(.text)
    I2C3_EV_IRQHandler                       0x0800023b   Thumb Code     0  startup_stm32f4xx.o(.text)
    OTG_FS_IRQHandler                        0x0800023b   Thumb Code     0  startup_stm32f4xx.o(.text)
    OTG_FS_WKUP_IRQHandler                   0x0800023b   Thumb Code     0  startup_stm32f4xx.o(.text)
    OTG_HS_EP1_IN_IRQHandler                 0x0800023b   Thumb Code     0  startup_stm32f4xx.o(.text)
    OTG_HS_EP1_OUT_IRQHandler                0x0800023b   Thumb Code     0  startup_stm32f4xx.o(.text)
    OTG_HS_IRQHandler                        0x0800023b   Thumb Code     0  startup_stm32f4xx.o(.text)
    OTG_HS_WKUP_IRQHandler                   0x0800023b   Thumb Code     0  startup_stm32f4xx.o(.text)
    PVD_IRQHandler                           0x0800023b   Thumb Code     0  startup_stm32f4xx.o(.text)
    RCC_IRQHandler                           0x0800023b   Thumb Code     0  startup_stm32f4xx.o(.text)
    RTC_Alarm_IRQHandler                     0x0800023b   Thumb Code     0  startup_stm32f4xx.o(.text)
    RTC_WKUP_IRQHandler                      0x0800023b   Thumb Code     0  startup_stm32f4xx.o(.text)
    SDIO_IRQHandler                          0x0800023b   Thumb Code     0  startup_stm32f4xx.o(.text)
    SPI1_IRQHandler                          0x0800023b   Thumb Code     0  startup_stm32f4xx.o(.text)
    SPI2_IRQHandler                          0x0800023b   Thumb Code     0  startup_stm32f4xx.o(.text)
    SPI3_IRQHandler                          0x0800023b   Thumb Code     0  startup_stm32f4xx.o(.text)
    TAMP_STAMP_IRQHandler                    0x0800023b   Thumb Code     0  startup_stm32f4xx.o(.text)
    TIM1_BRK_TIM9_IRQHandler                 0x0800023b   Thumb Code     0  startup_stm32f4xx.o(.text)
    TIM1_CC_IRQHandler                       0x0800023b   Thumb Code     0  startup_stm32f4xx.o(.text)
    TIM1_TRG_COM_TIM11_IRQHandler            0x0800023b   Thumb Code     0  startup_stm32f4xx.o(.text)
    TIM1_UP_TIM10_IRQHandler                 0x0800023b   Thumb Code     0  startup_stm32f4xx.o(.text)
    TIM2_IRQHandler                          0x0800023b   Thumb Code     0  startup_stm32f4xx.o(.text)
    TIM3_IRQHandler                          0x0800023b   Thumb Code     0  startup_stm32f4xx.o(.text)
    TIM4_IRQHandler                          0x0800023b   Thumb Code     0  startup_stm32f4xx.o(.text)
    TIM5_IRQHandler                          0x0800023b   Thumb Code     0  startup_stm32f4xx.o(.text)
    TIM6_DAC_IRQHandler                      0x0800023b   Thumb Code     0  startup_stm32f4xx.o(.text)
    TIM7_IRQHandler                          0x0800023b   Thumb Code     0  startup_stm32f4xx.o(.text)
    TIM8_BRK_TIM12_IRQHandler                0x0800023b   Thumb Code     0  startup_stm32f4xx.o(.text)
    TIM8_CC_IRQHandler                       0x0800023b   Thumb Code     0  startup_stm32f4xx.o(.text)
    TIM8_TRG_COM_TIM14_IRQHandler            0x0800023b   Thumb Code     0  startup_stm32f4xx.o(.text)
    TIM8_UP_TIM13_IRQHandler                 0x0800023b   Thumb Code     0  startup_stm32f4xx.o(.text)
    UART4_IRQHandler                         0x0800023b   Thumb Code     0  startup_stm32f4xx.o(.text)
    UART5_IRQHandler                         0x0800023b   Thumb Code     0  startup_stm32f4xx.o(.text)
    USART2_IRQHandler                        0x0800023b   Thumb Code     0  startup_stm32f4xx.o(.text)
    USART3_IRQHandler                        0x0800023b   Thumb Code     0  startup_stm32f4xx.o(.text)
    USART6_IRQHandler                        0x0800023b   Thumb Code     0  startup_stm32f4xx.o(.text)
    WWDG_IRQHandler                          0x0800023b   Thumb Code     0  startup_stm32f4xx.o(.text)
    __aeabi_memcpy                           0x08000245   Thumb Code    36  memcpya.o(.text)
    __aeabi_memcpy4                          0x08000245   Thumb Code     0  memcpya.o(.text)
    __aeabi_memcpy8                          0x08000245   Thumb Code     0  memcpya.o(.text)
    __aeabi_memset                           0x08000269   Thumb Code    14  memseta.o(.text)
    __aeabi_memset4                          0x08000269   Thumb Code     0  memseta.o(.text)
    __aeabi_memset8                          0x08000269   Thumb Code     0  memseta.o(.text)
    __aeabi_memclr                           0x08000277   Thumb Code     4  memseta.o(.text)
    __aeabi_memclr4                          0x08000277   Thumb Code     0  memseta.o(.text)
    __aeabi_memclr8                          0x08000277   Thumb Code     0  memseta.o(.text)
    _memset$wrapper                          0x0800027b   Thumb Code    18  memseta.o(.text)
    strncpy                                  0x0800028d   Thumb Code    24  strncpy.o(.text)
    __scatterload                            0x080002a5   Thumb Code    28  init.o(.text)
    __scatterload_rt2                        0x080002a5   Thumb Code     0  init.o(.text)
    __decompress                             0x080002c9   Thumb Code     0  __dczerorl2.o(.text)
    __decompress1                            0x080002c9   Thumb Code    86  __dczerorl2.o(.text)
    ADC_LoadDataserver                       0x08000365   Thumb Code   456  ads1255.o(i.ADC_LoadDataserver)
    ADC_Parameter_Config                     0x08000565   Thumb Code   104  ads1255.o(i.ADC_Parameter_Config)
    ADC_Parameter_Config_RFLASH              0x080005dd   Thumb Code    64  ads1255.o(i.ADC_Parameter_Config_RFLASH)
    ADC_Parameter_Config_Selftest_start      0x08000625   Thumb Code   104  ads1255.o(i.ADC_Parameter_Config_Selftest_start)
    ADC_Parameter_Save_WFLASH                0x0800069d   Thumb Code    52  ads1255.o(i.ADC_Parameter_Save_WFLASH)
    ADC_Parameter_Set                        0x080006dd   Thumb Code    98  ads1255.o(i.ADC_Parameter_Set)
    ADC_SPI_Init                             0x08000745   Thumb Code   158  ads1255.o(i.ADC_SPI_Init)
    ADC_SPI_Port_Configuration               0x080007f5   Thumb Code   288  ads1255.o(i.ADC_SPI_Port_Configuration)
    ADC_init                                 0x08000921   Thumb Code   122  ads1255.o(i.ADC_init)
    ADS1255SetMux_sigle                      0x080009c9   Thumb Code     8  ads1255.o(i.ADS1255SetMux_sigle)
    ADS1255_RESET                            0x080009d1   Thumb Code   126  ads1255.o(i.ADS1255_RESET)
    AD_RD_Data_Continous                     0x08000a65   Thumb Code   916  ads1255.o(i.AD_RD_Data_Continous)
    AD_WR_Reg                                0x08000e11   Thumb Code    80  ads1255.o(i.AD_WR_Reg)
    AD_Work                                  0x08000e61   Thumb Code   466  ads1255.o(i.AD_Work)
    AllSPI_Enable                            0x0800104d   Thumb Code    36  ads1255.o(i.AllSPI_Enable)
    BusFault_Handler                         0x0800107d   Thumb Code     2  stm32f4xx_it.o(i.BusFault_Handler)
    CRC8_Tab                                 0x08001081   Thumb Code    26  crc_8.o(i.CRC8_Tab)
    CRC_Calculate_PPP                        0x080010a1   Thumb Code     6  rs485.o(i.CRC_Calculate_PPP)
    DAC_Cmd                                  0x080010a9   Thumb Code    20  stm32f4xx_dac.o(i.DAC_Cmd)
    DAC_DMACmd                               0x080010c1   Thumb Code    20  stm32f4xx_dac.o(i.DAC_DMACmd)
    DAC_Init                                 0x080010d9   Thumb Code    36  stm32f4xx_dac.o(i.DAC_Init)
    DELAY_MS                                 0x08001101   Thumb Code    28  direction.o(i.DELAY_MS)
    DMA_Cmd                                  0x0800111d   Thumb Code    20  stm32f4xx_dma.o(i.DMA_Cmd)
    DMA_DeInit                               0x08001131   Thumb Code   272  stm32f4xx_dma.o(i.DMA_DeInit)
    DMA_GetCmdStatus                         0x08001255   Thumb Code    14  stm32f4xx_dma.o(i.DMA_GetCmdStatus)
    DMA_Init                                 0x08001265   Thumb Code    80  stm32f4xx_dma.o(i.DMA_Init)
    DMA_SetCurrDataCounter                   0x080012b9   Thumb Code     4  stm32f4xx_dma.o(i.DMA_SetCurrDataCounter)
    DebugMon_Handler                         0x080012bd   Thumb Code     2  stm32f4xx_it.o(i.DebugMon_Handler)
    Delay_us                                 0x080012bf   Thumb Code    20  ads1255.o(i.Delay_us)
    Delayms                                  0x080012d5   Thumb Code    30  direction.o(i.Delayms)
    EXTI0_IRQHandler                         0x080012f9   Thumb Code    28  mechanicalcontrol.o(i.EXTI0_IRQHandler)
    EXTI_ClearITPendingBit                   0x08001315   Thumb Code     6  stm32f4xx_exti.o(i.EXTI_ClearITPendingBit)
    EXTI_GetITStatus                         0x08001321   Thumb Code    16  stm32f4xx_exti.o(i.EXTI_GetITStatus)
    EXTI_Init                                0x08001335   Thumb Code   108  stm32f4xx_exti.o(i.EXTI_Init)
    FLASH_DataCacheCmd                       0x080013a5   Thumb Code    22  stm32f4xx_flash.o(i.FLASH_DataCacheCmd)
    FLASH_EraseSector                        0x080013c1   Thumb Code   104  stm32f4xx_flash.o(i.FLASH_EraseSector)
    FLASH_GetStatus                          0x0800142d   Thumb Code    56  stm32f4xx_flash.o(i.FLASH_GetStatus)
    FLASH_Lock                               0x08001469   Thumb Code    12  stm32f4xx_flash.o(i.FLASH_Lock)
    FLASH_ProgramWord                        0x08001479   Thumb Code    56  stm32f4xx_flash.o(i.FLASH_ProgramWord)
    FLASH_Unlock                             0x080014b5   Thumb Code    22  stm32f4xx_flash.o(i.FLASH_Unlock)
    FLASH_WaitForLastOperation               0x080014d9   Thumb Code    30  stm32f4xx_flash.o(i.FLASH_WaitForLastOperation)
    GPIO_Init                                0x080014f7   Thumb Code   162  stm32f4xx_gpio.o(i.GPIO_Init)
    GPIO_PinAFConfig                         0x08001599   Thumb Code    32  stm32f4xx_gpio.o(i.GPIO_PinAFConfig)
    GPIO_ReadInputDataBit                    0x080015b9   Thumb Code    14  stm32f4xx_gpio.o(i.GPIO_ReadInputDataBit)
    GPIO_ResetBits                           0x080015c7   Thumb Code     4  stm32f4xx_gpio.o(i.GPIO_ResetBits)
    GPIO_SetBits                             0x080015cb   Thumb Code     4  stm32f4xx_gpio.o(i.GPIO_SetBits)
    HardFault_Handler                        0x080015cf   Thumb Code     2  stm32f4xx_it.o(i.HardFault_Handler)
    I2C_GPIO_Config                          0x080015d1   Thumb Code    74  direction.o(i.I2C_GPIO_Config)
    I2C_SendByte                             0x08001621   Thumb Code    96  direction.o(i.I2C_SendByte)
    I2C_Start                                0x08001689   Thumb Code    72  direction.o(i.I2C_Start)
    I2C_Stop                                 0x080016d5   Thumb Code    72  direction.o(i.I2C_Stop)
    I2C_WaitAck                              0x08001721   Thumb Code    96  direction.o(i.I2C_WaitAck)
    I2C_delay                                0x08001785   Thumb Code    12  direction.o(i.I2C_delay)
    IIC_Ack                                  0x08001791   Thumb Code    72  direction.o(i.IIC_Ack)
    IIC_NAck                                 0x080017dd   Thumb Code    72  direction.o(i.IIC_NAck)
    IIC_Read_Byte                            0x0800182d   Thumb Code   108  direction.o(i.IIC_Read_Byte)
    IICreadBytes                             0x0800189d   Thumb Code    98  direction.o(i.IICreadBytes)
    IICwriteBytes                            0x080018ff   Thumb Code    70  direction.o(i.IICwriteBytes)
    Local_NodeNum_Set_RFlash                 0x08001945   Thumb Code    30  uart.o(i.Local_NodeNum_Set_RFlash)
    MYDMA_Config                             0x0800196d   Thumb Code   116  dma.o(i.MYDMA_Config)
    MYDMA_Enable                             0x080019e5   Thumb Code    42  dma.o(i.MYDMA_Enable)
    Main_task                                0x08001a0f   Thumb Code    20  main.o(i.Main_task)
    MecConPortConfig                         0x08001a25   Thumb Code    32  mechanicalcontrol.o(i.MecConPortConfig)
    Mechanical_exit_init                     0x08001a49   Thumb Code    92  mechanicalcontrol.o(i.Mechanical_exit_init)
    MemManage_Handler                        0x08001aa9   Thumb Code     2  stm32f4xx_it.o(i.MemManage_Handler)
    NMI_Handler                              0x08001aab   Thumb Code     2  stm32f4xx_it.o(i.NMI_Handler)
    NVIC_Init                                0x08001aad   Thumb Code    96  misc.o(i.NVIC_Init)
    NVIC_PriorityGroupConfig                 0x08001b11   Thumb Code    10  misc.o(i.NVIC_PriorityGroupConfig)
    RCC_AHB1PeriphClockCmd                   0x08001b25   Thumb Code    18  stm32f4xx_rcc.o(i.RCC_AHB1PeriphClockCmd)
    RCC_APB1PeriphClockCmd                   0x08001b3d   Thumb Code    18  stm32f4xx_rcc.o(i.RCC_APB1PeriphClockCmd)
    RCC_APB1PeriphResetCmd                   0x08001b55   Thumb Code    18  stm32f4xx_rcc.o(i.RCC_APB1PeriphResetCmd)
    RCC_APB2PeriphClockCmd                   0x08001b6d   Thumb Code    18  stm32f4xx_rcc.o(i.RCC_APB2PeriphClockCmd)
    RCC_APB2PeriphResetCmd                   0x08001b85   Thumb Code    18  stm32f4xx_rcc.o(i.RCC_APB2PeriphResetCmd)
    RCC_GetClocksFreq                        0x08001b9d   Thumb Code   114  stm32f4xx_rcc.o(i.RCC_GetClocksFreq)
    SPI_Cmd                                  0x08001c1d   Thumb Code    20  stm32f4xx_spi.o(i.SPI_Cmd)
    SPI_I2S_GetFlagStatus                    0x08001c31   Thumb Code    14  stm32f4xx_spi.o(i.SPI_I2S_GetFlagStatus)
    SPI_I2S_ReceiveData                      0x08001c3f   Thumb Code     4  stm32f4xx_spi.o(i.SPI_I2S_ReceiveData)
    SPI_I2S_SendData                         0x08001c43   Thumb Code     4  stm32f4xx_spi.o(i.SPI_I2S_SendData)
    SPI_Init                                 0x08001c47   Thumb Code    56  stm32f4xx_spi.o(i.SPI_Init)
    STMFLASH_GetFlashSector                  0x08001c81   Thumb Code   114  stmflash.o(i.STMFLASH_GetFlashSector)
    STMFLASH_Read                            0x08001d21   Thumb Code    20  stmflash.o(i.STMFLASH_Read)
    STMFLASH_Write                           0x08001d35   Thumb Code   114  stmflash.o(i.STMFLASH_Write)
    SYSCFG_EXTILineConfig                    0x08001dad   Thumb Code    42  stm32f4xx_syscfg.o(i.SYSCFG_EXTILineConfig)
    Sample_Data_init                         0x08001ddd   Thumb Code    26  ads1255.o(i.Sample_Data_init)
    Stop_RDC                                 0x08001ec9   Thumb Code   118  ads1255.o(i.Stop_RDC)
    SysPer_RCC_Configuration                 0x08001f55   Thumb Code    40  system_rcc_init.o(i.SysPer_RCC_Configuration)
    SysTick_Handler                          0x08001f85   Thumb Code     4  stm32f4xx_it.o(i.SysTick_Handler)
    SystemInit                               0x08001f89   Thumb Code    74  system_stm32f4xx.o(i.SystemInit)
    TIM_ClearFlag                            0x08001fe5   Thumb Code     6  stm32f4xx_tim.o(i.TIM_ClearFlag)
    TIM_Cmd                                  0x08001feb   Thumb Code    20  stm32f4xx_tim.o(i.TIM_Cmd)
    TIM_ITConfig                             0x08001fff   Thumb Code    16  stm32f4xx_tim.o(i.TIM_ITConfig)
    TIM_SelectOutputTrigger                  0x0800200f   Thumb Code    16  stm32f4xx_tim.o(i.TIM_SelectOutputTrigger)
    TIM_TimeBaseInit                         0x08002021   Thumb Code    96  stm32f4xx_tim.o(i.TIM_TimeBaseInit)
    TIM_TimeBaseStructInit                   0x0800209d   Thumb Code    18  stm32f4xx_tim.o(i.TIM_TimeBaseStructInit)
    USART1_IRQHandler                        0x080020b1   Thumb Code    26  stm32f4xx_it.o(i.USART1_IRQHandler)
    USART_ClearFlag                          0x080020d1   Thumb Code     6  stm32f4xx_usart.o(i.USART_ClearFlag)
    USART_Cmd                                0x080020d7   Thumb Code    20  stm32f4xx_usart.o(i.USART_Cmd)
    USART_GetFlagStatus                      0x080020eb   Thumb Code    14  stm32f4xx_usart.o(i.USART_GetFlagStatus)
    USART_GetITStatus                        0x080020f9   Thumb Code    62  stm32f4xx_usart.o(i.USART_GetITStatus)
    USART_ITConfig                           0x08002137   Thumb Code    48  stm32f4xx_usart.o(i.USART_ITConfig)
    USART_Init                               0x08002169   Thumb Code   164  stm32f4xx_usart.o(i.USART_Init)
    USART_ReceiveData                        0x08002215   Thumb Code     8  stm32f4xx_usart.o(i.USART_ReceiveData)
    USART_SendData                           0x0800221d   Thumb Code     8  stm32f4xx_usart.o(i.USART_SendData)
    UsageFault_Handler                       0x08002225   Thumb Code     2  stm32f4xx_it.o(i.UsageFault_Handler)
    __scatterload_copy                       0x08002227   Thumb Code    14  handlers.o(i.__scatterload_copy)
    __scatterload_null                       0x08002235   Thumb Code     2  handlers.o(i.__scatterload_null)
    __scatterload_zeroinit                   0x08002237   Thumb Code    14  handlers.o(i.__scatterload_zeroinit)
    ad_modules_init                          0x08002245   Thumb Code    50  ads1255.o(i.ad_modules_init)
    background_noise                         0x08002279   Thumb Code    20  sensor_test.o(i.background_noise)
    board_init                               0x08002291   Thumb Code    26  board_init.o(i.board_init)
    check_ppp_frame                          0x080022ad   Thumb Code    90  rs485.o(i.check_ppp_frame)
    delay_us                                 0x08002315   Thumb Code    20  mechanicalcontrol.o(i.delay_us)
    get_direction                            0x08002329   Thumb Code    12  direction.o(i.get_direction)
    init_direction                           0x08002339   Thumb Code    24  direction.o(i.init_direction)
    main                                     0x08002355   Thumb Code   118  main.o(i.main)
    mechanical_exit_control                  0x080023dd   Thumb Code    30  mechanicalcontrol.o(i.mechanical_exit_control)
    mechanical_exit_irq                      0x080023fd   Thumb Code    36  mechanicalcontrol.o(i.mechanical_exit_irq)
    mechanical_init                          0x0800242d   Thumb Code    28  mechanicalcontrol.o(i.mechanical_init)
    mechanicalcontrol_init                   0x080024a5   Thumb Code    28  mechanicalcontrol.o(i.mechanicalcontrol_init)
    momal_sample_gpio_init                   0x080024c9   Thumb Code    30  sensor_test.o(i.momal_sample_gpio_init)
    mot_approach                             0x080024f5   Thumb Code    54  mechanicalcontrol.o(i.mot_approach)
    mot_stretch                              0x08002535   Thumb Code    54  mechanicalcontrol.o(i.mot_stretch)
    my_mem_init                              0x08002575   Thumb Code    52  malloc.o(i.my_mem_init)
    my_mem_malloc                            0x080025b1   Thumb Code   136  malloc.o(i.my_mem_malloc)
    my_mem_perused                           0x08002641   Thumb Code    48  malloc.o(i.my_mem_perused)
    mymalloc                                 0x08002679   Thumb Code    28  malloc.o(i.mymalloc)
    mymemset                                 0x08002699   Thumb Code    14  malloc.o(i.mymemset)
    ppp_char_process                         0x080026a9   Thumb Code   478  rs485.o(i.ppp_char_process)
    ppp_clear_isr_recv                       0x080028a1   Thumb Code    38  rs485.o(i.ppp_clear_isr_recv)
    ppp_rs485_configuration                  0x080028cd   Thumb Code    20  rs485.o(i.ppp_rs485_configuration)
    ppp_rs485_configuration_host             0x080028e5   Thumb Code   208  rs485.o(i.ppp_rs485_configuration_host)
    ppp_send_data                            0x080029c5   Thumb Code    14  rs485.o(i.ppp_send_data)
    ppp_send_frame                           0x080029d9   Thumb Code   316  rs485.o(i.ppp_send_frame)
    pvPortMalloc                             0x08002d3d   Thumb Code   126  heap_4.o(i.pvPortMalloc)
    pxPortInitialiseStack                    0x08002dc1   Thumb Code    28  port.o(i.pxPortInitialiseStack)
    sensor_test_common_mode                  0x08002ddd   Thumb Code   128  sensor_test.o(i.sensor_test_common_mode)
    sensor_test_distortion                   0x08002e71   Thumb Code   128  sensor_test.o(i.sensor_test_distortion)
    sensor_test_gravity                      0x08002f05   Thumb Code    32  sensor_test.o(i.sensor_test_gravity)
    sensor_test_impulse_response             0x08002f29   Thumb Code   128  sensor_test.o(i.sensor_test_impulse_response)
    sensor_test_tilt                         0x08002fbd   Thumb Code    32  sensor_test.o(i.sensor_test_tilt)
    sensor_test_within_noise                 0x08002fe1   Thumb Code    32  sensor_test.o(i.sensor_test_within_noise)
    signals_OFF                              0x08003005   Thumb Code    24  signalsgeneration.o(i.signals_OFF)
    signals_ON                               0x0800301d   Thumb Code   172  signalsgeneration.o(i.signals_ON)
    signals_generation_init                  0x080030e9   Thumb Code   188  signalsgeneration.o(i.signals_generation_init)
    start_pre_sample                         0x080031b9   Thumb Code   204  ads1255.o(i.start_pre_sample)
    test_common_mode                         0x0800329d   Thumb Code   102  sensor_test.o(i.test_common_mode)
    test_conformance                         0x08003315   Thumb Code   102  sensor_test.o(i.test_conformance)
    test_crosstalk                           0x0800338d   Thumb Code   100  sensor_test.o(i.test_crosstalk)
    test_distortion                          0x08003401   Thumb Code   102  sensor_test.o(i.test_distortion)
    test_gain_Pulsewave                      0x08003479   Thumb Code    96  sensor_test.o(i.test_gain_Pulsewave)
    test_impulse_response                    0x080034e9   Thumb Code   102  sensor_test.o(i.test_impulse_response)
    test_res                                 0x08003561   Thumb Code   102  sensor_test.o(i.test_res)
    test_within_noise                        0x080035d9   Thumb Code    42  sensor_test.o(i.test_within_noise)
    uart_init                                0x08003609   Thumb Code    36  uart.o(i.uart_init)
    uart_server                              0x0800363d   Thumb Code  1578  uart.o(i.uart_server)
    uxListRemove                             0x08003cad   Thumb Code    38  list.o(i.uxListRemove)
    vListInitialise                          0x08003cd3   Thumb Code    22  list.o(i.vListInitialise)
    vListInitialiseItem                      0x08003ce9   Thumb Code     6  list.o(i.vListInitialiseItem)
    vListInsert                              0x08003cef   Thumb Code    48  list.o(i.vListInsert)
    vListInsertEnd                           0x08003d1f   Thumb Code    28  list.o(i.vListInsertEnd)
    vPortEnterCritical                       0x08003d3d   Thumb Code    16  port.o(i.vPortEnterCritical)
    vPortExitCritical                        0x08003d51   Thumb Code    16  port.o(i.vPortExitCritical)
    vPortFree                                0x08003d65   Thumb Code    40  heap_4.o(i.vPortFree)
    vPortSetupTimerInterrupt                 0x08003d91   Thumb Code    26  port.o(i.vPortSetupTimerInterrupt)
    vPortYieldFromISR                        0x08003db1   Thumb Code    10  port.o(i.vPortYieldFromISR)
    vTaskDelay                               0x08003dc1   Thumb Code    48  tasks.o(i.vTaskDelay)
    vTaskDelete                              0x08003df5   Thumb Code    90  tasks.o(i.vTaskDelete)
    vTaskIncrementTick                       0x08003e59   Thumb Code   162  tasks.o(i.vTaskIncrementTick)
    vTaskMissedYield                         0x08003f05   Thumb Code     8  tasks.o(i.vTaskMissedYield)
    vTaskPlaceOnEventList                    0x08003f11   Thumb Code    42  tasks.o(i.vTaskPlaceOnEventList)
    vTaskPriorityDisinherit                  0x08003f41   Thumb Code    64  tasks.o(i.vTaskPriorityDisinherit)
    vTaskPriorityInherit                     0x08003f89   Thumb Code    92  tasks.o(i.vTaskPriorityInherit)
    vTaskSetTimeOutState                     0x08003fed   Thumb Code    22  tasks.o(i.vTaskSetTimeOutState)
    vTaskStartScheduler                      0x08004009   Thumb Code    60  tasks.o(i.vTaskStartScheduler)
    vTaskSuspendAll                          0x08004055   Thumb Code    10  tasks.o(i.vTaskSuspendAll)
    vTaskSwitchContext                       0x08004065   Thumb Code    78  tasks.o(i.vTaskSwitchContext)
    xPortStartScheduler                      0x080040bd   Thumb Code    38  port.o(i.xPortStartScheduler)
    xPortSysTickHandler                      0x080040ed   Thumb Code    28  port.o(i.xPortSysTickHandler)
    xQueueGenericCreate                      0x0800410d   Thumb Code    70  queue.o(i.xQueueGenericCreate)
    xQueueGenericReceive                     0x08004155   Thumb Code   288  queue.o(i.xQueueGenericReceive)
    xQueueGenericReset                       0x08004275   Thumb Code    98  queue.o(i.xQueueGenericReset)
    xQueueGenericSend                        0x080042d7   Thumb Code   234  queue.o(i.xQueueGenericSend)
    xQueueGenericSendFromISR                 0x080043c1   Thumb Code   116  queue.o(i.xQueueGenericSendFromISR)
    xTaskCheckForTimeOut                     0x08004435   Thumb Code    84  tasks.o(i.xTaskCheckForTimeOut)
    xTaskGenericCreate                       0x0800448d   Thumb Code   366  tasks.o(i.xTaskGenericCreate)
    xTaskGetCurrentTaskHandle                0x08004605   Thumb Code     6  tasks.o(i.xTaskGetCurrentTaskHandle)
    xTaskRemoveFromEventList                 0x08004611   Thumb Code    88  tasks.o(i.xTaskRemoveFromEventList)
    xTaskResumeAll                           0x08004671   Thumb Code   168  tasks.o(i.xTaskResumeAll)
    Sine12bit                                0x08004720   Data          64  signalsgeneration.o(.constdata)
    Sine12bit_776                            0x08004760   Data          64  signalsgeneration.o(.constdata)
    Sine12bit_128_776                        0x080047a0   Data         256  signalsgeneration.o(.constdata)
    Sine12bit_128_97                         0x080048a0   Data         256  signalsgeneration.o(.constdata)
    Pulsewave12bit_8_39_465_50               0x080049a0   Data        1024  signalsgeneration.o(.constdata)
    Pulsewave12bit_8_39_465_75               0x08004da0   Data        1024  signalsgeneration.o(.constdata)
    Pulsewave12bit                           0x080051a0   Data          64  signalsgeneration.o(.constdata)
    Directcurrent12bit                       0x080051e0   Data          64  signalsgeneration.o(.constdata)
    memtblsize                               0x08005220   Data          12  malloc.o(.constdata)
    memblksize                               0x0800522c   Data          12  malloc.o(.constdata)
    memsize                                  0x08005238   Data          12  malloc.o(.constdata)
    Region$$Table$$Base                      0x08005244   Number         0  anon$$obj.o(Region$$Table)
    Region$$Table$$Limit                     0x08005264   Number         0  anon$$obj.o(Region$$Table)
    mem3base                                 0x10000000   Data       61440  malloc.o(.ARM.__AT_0x10000000)
    mem3mapbase                              0x1000f000   Data        3840  malloc.o(.ARM.__AT_0x1000F000)
    SystemCoreClock                          0x20000000   Data           4  system_stm32f4xx.o(.data)
    AHBPrescTable                            0x20000004   Data          16  system_stm32f4xx.o(.data)
    xQueue_Uart                              0x20000014   Data           4  main.o(.data)
    xQueue_ADStart                           0x20000018   Data           4  main.o(.data)
    xQueue_ADPreStart                        0x2000001c   Data           4  main.o(.data)
    xQueue_ADFinish                          0x20000020   Data           4  main.o(.data)
    xQueue_LoadData                          0x20000024   Data           4  main.o(.data)
    pxCurrentTCB                             0x20000048   Data           4  tasks.o(.data)
    crc_direct_table_8                       0x20000088   Data         256  crc_8.o(.data)
    Local_node_num                           0x20000188   Data           4  uart.o(.data)
    ADS1255_GAIN                             0x2000018c   Data           1  ads1255.o(.data)
    ADS1255_DRATEVALUE                       0x2000018d   Data           1  ads1255.o(.data)
    sample_data                              0x20000190   Data           4  ads1255.o(.data)
    remainNumPoints                          0x20000194   Data           4  ads1255.o(.data)
    sets                                     0x20000198   Data           5  ads1255.o(.data)
    AXOFF                                    0x2000019d   Data           3  direction.o(.data)
    AYOFF                                    0x200001a0   Data           3  direction.o(.data)
    AZOFF                                    0x200001a3   Data           3  direction.o(.data)
    HXOFF                                    0x200001a6   Data           3  direction.o(.data)
    HYOFF                                    0x200001a9   Data           3  direction.o(.data)
    HZOFF                                    0x200001ac   Data           3  direction.o(.data)
    SAVE_CONFIG                              0x200001af   Data           3  direction.o(.data)
    RESET_CONFIG                             0x200001b2   Data           3  direction.o(.data)
    ALG9                                     0x200001b5   Data           3  direction.o(.data)
    ALG6                                     0x200001b8   Data           3  direction.o(.data)
    DIRECTION_HOR                            0x200001bb   Data           3  direction.o(.data)
    DIRECTION_VER                            0x200001be   Data           3  direction.o(.data)
    BANDWIDTH                                0x200001c1   Data           3  direction.o(.data)
    BANDWIDTH_256                            0x200001c4   Data           3  direction.o(.data)
    BANDWIDTH_188                            0x200001c7   Data           3  direction.o(.data)
    BANDWIDTH_98                             0x200001ca   Data           3  direction.o(.data)
    BANDWIDTH_42                             0x200001cd   Data           3  direction.o(.data)
    BANDWIDTH_10                             0x200001d0   Data           3  direction.o(.data)
    BANDWIDTH_5                              0x200001d3   Data           3  direction.o(.data)
    ACCRANGE                                 0x200001d6   Data           3  direction.o(.data)
    ACCRANGE_4g                              0x200001d9   Data           3  direction.o(.data)
    ACCRANGE_8g                              0x200001dc   Data           3  direction.o(.data)
    ACCRANGE_16g                             0x200001df   Data           3  direction.o(.data)
    GYRORANGE                                0x200001e2   Data           3  direction.o(.data)
    GYRORANGE_500                            0x200001e5   Data           3  direction.o(.data)
    GYRORANGE_1000                           0x200001e8   Data           3  direction.o(.data)
    GYRORANGE_2000                           0x200001eb   Data           3  direction.o(.data)
    mot_run_state                            0x200001ee   Data           1  mechanicalcontrol.o(.data)
    mot_switch_available                     0x200001ef   Data           1  mechanicalcontrol.o(.data)
    Signal_source_type                       0x200001f0   Data           1  signalsgeneration.o(.data)
    mallco_dev                               0x200001f4   Data          36  malloc.o(.data)
    ppp_frame_struct                         0x20003f38   Data         778  rs485.o(.bss)
    PPP_send_frame                           0x20004242   Data         256  rs485.o(.bss)
    pre_sample                               0x20004344   Data          16  ads1255.o(.bss)
    current_direction                        0x20004354   Data          12  direction.o(.bss)
    direction_data                           0x20004360   Data          30  direction.o(.bss)
    mem1base                                 0x20004380   Data       61440  malloc.o(.bss)
    mem1mapbase                              0x20013380   Data        3840  malloc.o(.bss)
    __initial_sp                             0x20014680   Data           0  startup_stm32f4xx.o(STACK)
    mem2base                                 0x68000000   Data       983040  malloc.o(.ARM.__AT_0x68000000)
    mem2mapbase                              0x680f0000   Data       61440  malloc.o(.ARM.__AT_0x680F0000)



==============================================================================

Memory Map of the image

  Image Entry point : 0x08000189

  Load Region LR_IROM1 (Base: 0x08000000, Size: 0x0000547c, Max: 0x00100000, ABSOLUTE, COMPRESSED[0x000053e8])

    Execution Region ER_IROM1 (Base: 0x08000000, Size: 0x00005264, Max: 0x00100000, ABSOLUTE)

    Base Addr    Size         Type   Attr      Idx    E Section Name        Object

    0x08000000   0x00000188   Data   RO          147    RESET               startup_stm32f4xx.o
    0x08000188   0x00000000   Code   RO         7705  * .ARM.Collect$$$$00000000  mc_w.l(entry.o)
    0x08000188   0x00000004   Code   RO         7983    .ARM.Collect$$$$00000001  mc_w.l(entry2.o)
    0x0800018c   0x00000004   Code   RO         7986    .ARM.Collect$$$$00000004  mc_w.l(entry5.o)
    0x08000190   0x00000000   Code   RO         7988    .ARM.Collect$$$$00000008  mc_w.l(entry7b.o)
    0x08000190   0x00000000   Code   RO         7990    .ARM.Collect$$$$0000000A  mc_w.l(entry8b.o)
    0x08000190   0x00000008   Code   RO         7991    .ARM.Collect$$$$0000000B  mc_w.l(entry9a.o)
    0x08000198   0x00000000   Code   RO         7993    .ARM.Collect$$$$0000000D  mc_w.l(entry10a.o)
    0x08000198   0x00000000   Code   RO         7995    .ARM.Collect$$$$0000000F  mc_w.l(entry11a.o)
    0x08000198   0x00000004   Code   RO         7984    .ARM.Collect$$$$00002712  mc_w.l(entry2.o)
    0x0800019c   0x00000084   Code   RO         6548    .emb_text           port.o
    0x08000220   0x00000024   Code   RO          148    .text               startup_stm32f4xx.o
    0x08000244   0x00000024   Code   RO         7708    .text               mc_w.l(memcpya.o)
    0x08000268   0x00000024   Code   RO         7710    .text               mc_w.l(memseta.o)
    0x0800028c   0x00000018   Code   RO         7714    .text               mc_w.l(strncpy.o)
    0x080002a4   0x00000024   Code   RO         8015    .text               mc_w.l(init.o)
    0x080002c8   0x00000056   Code   RO         8035    .text               mc_w.l(__dczerorl2.o)
    0x0800031e   0x00000002   PAD
    0x08000320   0x00000044   Code   RO         6868    i.ADCPre_thread     ads1255.o
    0x08000364   0x000001d8   Code   RO         6869    i.ADC_LoadDataserver  ads1255.o
    0x0800053c   0x00000028   Code   RO         6870    i.ADC_LoadDatathread  ads1255.o
    0x08000564   0x00000078   Code   RO         6871    i.ADC_Parameter_Config  ads1255.o
    0x080005dc   0x00000048   Code   RO         6872    i.ADC_Parameter_Config_RFLASH  ads1255.o
    0x08000624   0x00000078   Code   RO         6873    i.ADC_Parameter_Config_Selftest_start  ads1255.o
    0x0800069c   0x00000040   Code   RO         6874    i.ADC_Parameter_Save_WFLASH  ads1255.o
    0x080006dc   0x00000068   Code   RO         6875    i.ADC_Parameter_Set  ads1255.o
    0x08000744   0x000000b0   Code   RO         6876    i.ADC_SPI_Init      ads1255.o
    0x080007f4   0x0000012c   Code   RO         6877    i.ADC_SPI_Port_Configuration  ads1255.o
    0x08000920   0x000000a8   Code   RO         6878    i.ADC_init          ads1255.o
    0x080009c8   0x00000008   Code   RO         6881    i.ADS1255SetMux_sigle  ads1255.o
    0x080009d0   0x00000094   Code   RO         6883    i.ADS1255_RESET     ads1255.o
    0x08000a64   0x000003ac   Code   RO         6884    i.AD_RD_Data_Continous  ads1255.o
    0x08000e10   0x00000050   Code   RO         6889    i.AD_WR_Reg         ads1255.o
    0x08000e60   0x000001ec   Code   RO         6890    i.AD_Work           ads1255.o
    0x0800104c   0x00000030   Code   RO         6892    i.AllSPI_Enable     ads1255.o
    0x0800107c   0x00000002   Code   RO          267    i.BusFault_Handler  stm32f4xx_it.o
    0x0800107e   0x00000002   PAD
    0x08001080   0x00000020   Code   RO         6734    i.CRC8_Tab          crc_8.o
    0x080010a0   0x00000006   Code   RO         6665    i.CRC_Calculate_PPP  rs485.o
    0x080010a6   0x00000002   PAD
    0x080010a8   0x00000018   Code   RO         4892    i.DAC_Cmd           stm32f4xx_dac.o
    0x080010c0   0x00000018   Code   RO         4893    i.DAC_DMACmd        stm32f4xx_dac.o
    0x080010d8   0x00000028   Code   RO         4900    i.DAC_Init          stm32f4xx_dac.o
    0x08001100   0x0000001c   Code   RO         7119    i.DELAY_MS          direction.o
    0x0800111c   0x00000014   Code   RO         3207    i.DMA_Cmd           stm32f4xx_dma.o
    0x08001130   0x00000124   Code   RO         3208    i.DMA_DeInit        stm32f4xx_dma.o
    0x08001254   0x0000000e   Code   RO         3212    i.DMA_GetCmdStatus  stm32f4xx_dma.o
    0x08001262   0x00000002   PAD
    0x08001264   0x00000054   Code   RO         3219    i.DMA_Init          stm32f4xx_dma.o
    0x080012b8   0x00000004   Code   RO         3222    i.DMA_SetCurrDataCounter  stm32f4xx_dma.o
    0x080012bc   0x00000002   Code   RO          268    i.DebugMon_Handler  stm32f4xx_it.o
    0x080012be   0x00000014   Code   RO         6893    i.Delay_us          ads1255.o
    0x080012d2   0x00000002   PAD
    0x080012d4   0x00000024   Code   RO         7120    i.Delayms           direction.o
    0x080012f8   0x0000001c   Code   RO         7285    i.EXTI0_IRQHandler  mechanicalcontrol.o
    0x08001314   0x0000000c   Code   RO         3338    i.EXTI_ClearITPendingBit  stm32f4xx_exti.o
    0x08001320   0x00000014   Code   RO         3342    i.EXTI_GetITStatus  stm32f4xx_exti.o
    0x08001334   0x00000070   Code   RO         3343    i.EXTI_Init         stm32f4xx_exti.o
    0x080013a4   0x0000001c   Code   RO         3404    i.FLASH_DataCacheCmd  stm32f4xx_flash.o
    0x080013c0   0x0000006c   Code   RO         3409    i.FLASH_EraseSector  stm32f4xx_flash.o
    0x0800142c   0x0000003c   Code   RO         3411    i.FLASH_GetStatus   stm32f4xx_flash.o
    0x08001468   0x00000010   Code   RO         3415    i.FLASH_Lock        stm32f4xx_flash.o
    0x08001478   0x0000003c   Code   RO         3439    i.FLASH_ProgramWord  stm32f4xx_flash.o
    0x080014b4   0x00000024   Code   RO         3441    i.FLASH_Unlock      stm32f4xx_flash.o
    0x080014d8   0x0000001e   Code   RO         3442    i.FLASH_WaitForLastOperation  stm32f4xx_flash.o
    0x080014f6   0x000000a2   Code   RO         3797    i.GPIO_Init         stm32f4xx_gpio.o
    0x08001598   0x00000020   Code   RO         3798    i.GPIO_PinAFConfig  stm32f4xx_gpio.o
    0x080015b8   0x0000000e   Code   RO         3801    i.GPIO_ReadInputDataBit  stm32f4xx_gpio.o
    0x080015c6   0x00000004   Code   RO         3804    i.GPIO_ResetBits    stm32f4xx_gpio.o
    0x080015ca   0x00000004   Code   RO         3805    i.GPIO_SetBits      stm32f4xx_gpio.o
    0x080015ce   0x00000002   Code   RO          269    i.HardFault_Handler  stm32f4xx_it.o
    0x080015d0   0x00000050   Code   RO         7123    i.I2C_GPIO_Config   direction.o
    0x08001620   0x00000068   Code   RO         7124    i.I2C_SendByte      direction.o
    0x08001688   0x0000004c   Code   RO         7125    i.I2C_Start         direction.o
    0x080016d4   0x0000004c   Code   RO         7126    i.I2C_Stop          direction.o
    0x08001720   0x00000064   Code   RO         7127    i.I2C_WaitAck       direction.o
    0x08001784   0x0000000c   Code   RO         7128    i.I2C_delay         direction.o
    0x08001790   0x0000004c   Code   RO         7129    i.IIC_Ack           direction.o
    0x080017dc   0x00000050   Code   RO         7130    i.IIC_NAck          direction.o
    0x0800182c   0x00000070   Code   RO         7131    i.IIC_Read_Byte     direction.o
    0x0800189c   0x00000062   Code   RO         7132    i.IICreadBytes      direction.o
    0x080018fe   0x00000046   Code   RO         7133    i.IICwriteBytes     direction.o
    0x08001944   0x00000028   Code   RO         6812    i.Local_NodeNum_Set_RFlash  uart.o
    0x0800196c   0x00000078   Code   RO         7553    i.MYDMA_Config      dma.o
    0x080019e4   0x0000002a   Code   RO         7554    i.MYDMA_Enable      dma.o
    0x08001a0e   0x00000014   Code   RO          156    i.Main_task         main.o
    0x08001a22   0x00000002   PAD
    0x08001a24   0x00000024   Code   RO         7286    i.MecConPortConfig  mechanicalcontrol.o
    0x08001a48   0x00000060   Code   RO         7287    i.Mechanical_exit_init  mechanicalcontrol.o
    0x08001aa8   0x00000002   Code   RO          270    i.MemManage_Handler  stm32f4xx_it.o
    0x08001aaa   0x00000002   Code   RO          271    i.NMI_Handler       stm32f4xx_it.o
    0x08001aac   0x00000064   Code   RO         2911    i.NVIC_Init         misc.o
    0x08001b10   0x00000014   Code   RO         2912    i.NVIC_PriorityGroupConfig  misc.o
    0x08001b24   0x00000018   Code   RO         3898    i.RCC_AHB1PeriphClockCmd  stm32f4xx_rcc.o
    0x08001b3c   0x00000018   Code   RO         3907    i.RCC_APB1PeriphClockCmd  stm32f4xx_rcc.o
    0x08001b54   0x00000018   Code   RO         3909    i.RCC_APB1PeriphResetCmd  stm32f4xx_rcc.o
    0x08001b6c   0x00000018   Code   RO         3910    i.RCC_APB2PeriphClockCmd  stm32f4xx_rcc.o
    0x08001b84   0x00000018   Code   RO         3912    i.RCC_APB2PeriphResetCmd  stm32f4xx_rcc.o
    0x08001b9c   0x00000080   Code   RO         3919    i.RCC_GetClocksFreq  stm32f4xx_rcc.o
    0x08001c1c   0x00000014   Code   RO         4728    i.SPI_Cmd           stm32f4xx_spi.o
    0x08001c30   0x0000000e   Code   RO         4736    i.SPI_I2S_GetFlagStatus  stm32f4xx_spi.o
    0x08001c3e   0x00000004   Code   RO         4739    i.SPI_I2S_ReceiveData  stm32f4xx_spi.o
    0x08001c42   0x00000004   Code   RO         4740    i.SPI_I2S_SendData  stm32f4xx_spi.o
    0x08001c46   0x00000038   Code   RO         4741    i.SPI_Init          stm32f4xx_spi.o
    0x08001c7e   0x00000002   PAD
    0x08001c80   0x000000a0   Code   RO         7666    i.STMFLASH_GetFlashSector  stmflash.o
    0x08001d20   0x00000014   Code   RO         7667    i.STMFLASH_Read     stmflash.o
    0x08001d34   0x00000078   Code   RO         7669    i.STMFLASH_Write    stmflash.o
    0x08001dac   0x00000030   Code   RO         4437    i.SYSCFG_EXTILineConfig  stm32f4xx_syscfg.o
    0x08001ddc   0x00000020   Code   RO         6895    i.Sample_Data_init  ads1255.o
    0x08001dfc   0x000000cc   Code   RO            4    i.SetSysClock       system_stm32f4xx.o
    0x08001ec8   0x0000008c   Code   RO         6900    i.Stop_RDC          ads1255.o
    0x08001f54   0x00000030   Code   RO         6641    i.SysPer_RCC_Configuration  system_rcc_init.o
    0x08001f84   0x00000004   Code   RO          272    i.SysTick_Handler   stm32f4xx_it.o
    0x08001f88   0x0000005c   Code   RO            6    i.SystemInit        system_stm32f4xx.o
    0x08001fe4   0x00000006   Code   RO         5018    i.TIM_ClearFlag     stm32f4xx_tim.o
    0x08001fea   0x00000014   Code   RO         5024    i.TIM_Cmd           stm32f4xx_tim.o
    0x08001ffe   0x00000010   Code   RO         5049    i.TIM_ITConfig      stm32f4xx_tim.o
    0x0800200e   0x00000010   Code   RO         5082    i.TIM_SelectOutputTrigger  stm32f4xx_tim.o
    0x0800201e   0x00000002   PAD
    0x08002020   0x0000007c   Code   RO         5096    i.TIM_TimeBaseInit  stm32f4xx_tim.o
    0x0800209c   0x00000012   Code   RO         5097    i.TIM_TimeBaseStructInit  stm32f4xx_tim.o
    0x080020ae   0x00000002   PAD
    0x080020b0   0x00000020   Code   RO          273    i.USART1_IRQHandler  stm32f4xx_it.o
    0x080020d0   0x00000006   Code   RO         2719    i.USART_ClearFlag   stm32f4xx_usart.o
    0x080020d6   0x00000014   Code   RO         2723    i.USART_Cmd         stm32f4xx_usart.o
    0x080020ea   0x0000000e   Code   RO         2726    i.USART_GetFlagStatus  stm32f4xx_usart.o
    0x080020f8   0x0000003e   Code   RO         2727    i.USART_GetITStatus  stm32f4xx_usart.o
    0x08002136   0x00000030   Code   RO         2729    i.USART_ITConfig    stm32f4xx_usart.o
    0x08002166   0x00000002   PAD
    0x08002168   0x000000ac   Code   RO         2730    i.USART_Init        stm32f4xx_usart.o
    0x08002214   0x00000008   Code   RO         2737    i.USART_ReceiveData  stm32f4xx_usart.o
    0x0800221c   0x00000008   Code   RO         2740    i.USART_SendData    stm32f4xx_usart.o
    0x08002224   0x00000002   Code   RO          274    i.UsageFault_Handler  stm32f4xx_it.o
    0x08002226   0x0000000e   Code   RO         8029    i.__scatterload_copy  mc_w.l(handlers.o)
    0x08002234   0x00000002   Code   RO         8030    i.__scatterload_null  mc_w.l(handlers.o)
    0x08002236   0x0000000e   Code   RO         8031    i.__scatterload_zeroinit  mc_w.l(handlers.o)
    0x08002244   0x00000032   Code   RO         6903    i.ad_modules_init   ads1255.o
    0x08002276   0x00000002   PAD
    0x08002278   0x00000018   Code   RO         7383    i.background_noise  sensor_test.o
    0x08002290   0x0000001a   Code   RO         6611    i.board_init        board_init.o
    0x080022aa   0x00000002   PAD
    0x080022ac   0x00000068   Code   RO         6666    i.check_ppp_frame   rs485.o
    0x08002314   0x00000014   Code   RO         7290    i.delay_us          mechanicalcontrol.o
    0x08002328   0x00000010   Code   RO         7135    i.get_direction     direction.o
    0x08002338   0x0000001c   Code   RO         7136    i.init_direction    direction.o
    0x08002354   0x00000088   Code   RO          158    i.main              main.o
    0x080023dc   0x0000001e   Code   RO         7291    i.mechanical_exit_control  mechanicalcontrol.o
    0x080023fa   0x00000002   PAD
    0x080023fc   0x00000030   Code   RO         7292    i.mechanical_exit_irq  mechanicalcontrol.o
    0x0800242c   0x00000028   Code   RO         7293    i.mechanical_init   mechanicalcontrol.o
    0x08002454   0x00000050   Code   RO         7294    i.mechanical_thread  mechanicalcontrol.o
    0x080024a4   0x00000024   Code   RO         7295    i.mechanicalcontrol_init  mechanicalcontrol.o
    0x080024c8   0x0000002c   Code   RO         7384    i.momal_sample_gpio_init  sensor_test.o
    0x080024f4   0x00000040   Code   RO         7296    i.mot_approach      mechanicalcontrol.o
    0x08002534   0x00000040   Code   RO         7297    i.mot_stretch       mechanicalcontrol.o
    0x08002574   0x0000003c   Code   RO         7584    i.my_mem_init       malloc.o
    0x080025b0   0x00000090   Code   RO         7585    i.my_mem_malloc     malloc.o
    0x08002640   0x00000038   Code   RO         7586    i.my_mem_perused    malloc.o
    0x08002678   0x00000020   Code   RO         7588    i.mymalloc          malloc.o
    0x08002698   0x0000000e   Code   RO         7590    i.mymemset          malloc.o
    0x080026a6   0x00000002   PAD
    0x080026a8   0x000001f8   Code   RO         6667    i.ppp_char_process  rs485.o
    0x080028a0   0x0000002c   Code   RO         6668    i.ppp_clear_isr_recv  rs485.o
    0x080028cc   0x00000018   Code   RO         6669    i.ppp_rs485_configuration  rs485.o
    0x080028e4   0x000000e0   Code   RO         6670    i.ppp_rs485_configuration_host  rs485.o
    0x080029c4   0x00000014   Code   RO         6671    i.ppp_send_data     rs485.o
    0x080029d8   0x00000144   Code   RO         6672    i.ppp_send_frame    rs485.o
    0x08002b1c   0x00000034   Code   RO         6138    i.prvAddCurrentTaskToDelayedList  tasks.o
    0x08002b50   0x00000054   Code   RO         6139    i.prvCheckTasksWaitingTermination  tasks.o
    0x08002ba4   0x00000028   Code   RO         6407    i.prvCopyDataFromQueue  queue.o
    0x08002bcc   0x0000005a   Code   RO         6408    i.prvCopyDataToQueue  queue.o
    0x08002c26   0x00000002   PAD
    0x08002c28   0x0000004c   Code   RO         6089    i.prvHeapInit       heap_4.o
    0x08002c74   0x00000018   Code   RO         6140    i.prvIdleTask       tasks.o
    0x08002c8c   0x0000004c   Code   RO         6090    i.prvInsertBlockIntoFreeList  heap_4.o
    0x08002cd8   0x00000064   Code   RO         6409    i.prvUnlockQueue    queue.o
    0x08002d3c   0x00000084   Code   RO         6091    i.pvPortMalloc      heap_4.o
    0x08002dc0   0x0000001c   Code   RO         6549    i.pxPortInitialiseStack  port.o
    0x08002ddc   0x00000094   Code   RO         7385    i.sensor_test_common_mode  sensor_test.o
    0x08002e70   0x00000094   Code   RO         7386    i.sensor_test_distortion  sensor_test.o
    0x08002f04   0x00000024   Code   RO         7387    i.sensor_test_gravity  sensor_test.o
    0x08002f28   0x00000094   Code   RO         7388    i.sensor_test_impulse_response  sensor_test.o
    0x08002fbc   0x00000024   Code   RO         7389    i.sensor_test_tilt  sensor_test.o
    0x08002fe0   0x00000024   Code   RO         7390    i.sensor_test_within_noise  sensor_test.o
    0x08003004   0x00000018   Code   RO         7503    i.signals_OFF       signalsgeneration.o
    0x0800301c   0x000000cc   Code   RO         7504    i.signals_ON        signalsgeneration.o
    0x080030e8   0x000000d0   Code   RO         7505    i.signals_generation_init  signalsgeneration.o
    0x080031b8   0x000000e4   Code   RO         6905    i.start_pre_sample  ads1255.o
    0x0800329c   0x00000078   Code   RO         7391    i.test_common_mode  sensor_test.o
    0x08003314   0x00000078   Code   RO         7392    i.test_conformance  sensor_test.o
    0x0800338c   0x00000074   Code   RO         7393    i.test_crosstalk    sensor_test.o
    0x08003400   0x00000078   Code   RO         7394    i.test_distortion   sensor_test.o
    0x08003478   0x00000070   Code   RO         7396    i.test_gain_Pulsewave  sensor_test.o
    0x080034e8   0x00000078   Code   RO         7397    i.test_impulse_response  sensor_test.o
    0x08003560   0x00000078   Code   RO         7398    i.test_res          sensor_test.o
    0x080035d8   0x00000030   Code   RO         7399    i.test_within_noise  sensor_test.o
    0x08003608   0x00000034   Code   RO         6813    i.uart_init         uart.o
    0x0800363c   0x00000644   Code   RO         6814    i.uart_server       uart.o
    0x08003c80   0x0000002c   Code   RO         6815    i.uart_thread       uart.o
    0x08003cac   0x00000026   Code   RO         6371    i.uxListRemove      list.o
    0x08003cd2   0x00000016   Code   RO         6372    i.vListInitialise   list.o
    0x08003ce8   0x00000006   Code   RO         6373    i.vListInitialiseItem  list.o
    0x08003cee   0x00000030   Code   RO         6374    i.vListInsert       list.o
    0x08003d1e   0x0000001c   Code   RO         6375    i.vListInsertEnd    list.o
    0x08003d3a   0x00000002   PAD
    0x08003d3c   0x00000014   Code   RO         6551    i.vPortEnterCritical  port.o
    0x08003d50   0x00000014   Code   RO         6552    i.vPortExitCritical  port.o
    0x08003d64   0x0000002c   Code   RO         6092    i.vPortFree         heap_4.o
    0x08003d90   0x00000020   Code   RO         6553    i.vPortSetupTimerInterrupt  port.o
    0x08003db0   0x00000010   Code   RO         6554    i.vPortYieldFromISR  port.o
    0x08003dc0   0x00000034   Code   RO         6145    i.vTaskDelay        tasks.o
    0x08003df4   0x00000064   Code   RO         6146    i.vTaskDelete       tasks.o
    0x08003e58   0x000000ac   Code   RO         6148    i.vTaskIncrementTick  tasks.o
    0x08003f04   0x0000000c   Code   RO         6150    i.vTaskMissedYield  tasks.o
    0x08003f10   0x00000030   Code   RO         6151    i.vTaskPlaceOnEventList  tasks.o
    0x08003f40   0x00000048   Code   RO         6152    i.vTaskPriorityDisinherit  tasks.o
    0x08003f88   0x00000064   Code   RO         6153    i.vTaskPriorityInherit  tasks.o
    0x08003fec   0x0000001c   Code   RO         6156    i.vTaskSetTimeOutState  tasks.o
    0x08004008   0x0000004c   Code   RO         6157    i.vTaskStartScheduler  tasks.o
    0x08004054   0x00000010   Code   RO         6158    i.vTaskSuspendAll   tasks.o
    0x08004064   0x00000058   Code   RO         6159    i.vTaskSwitchContext  tasks.o
    0x080040bc   0x00000030   Code   RO         6555    i.xPortStartScheduler  port.o
    0x080040ec   0x00000020   Code   RO         6556    i.xPortSysTickHandler  port.o
    0x0800410c   0x00000046   Code   RO         6419    i.xQueueGenericCreate  queue.o
    0x08004152   0x00000002   PAD
    0x08004154   0x00000120   Code   RO         6420    i.xQueueGenericReceive  queue.o
    0x08004274   0x00000062   Code   RO         6421    i.xQueueGenericReset  queue.o
    0x080042d6   0x000000ea   Code   RO         6422    i.xQueueGenericSend  queue.o
    0x080043c0   0x00000074   Code   RO         6423    i.xQueueGenericSendFromISR  queue.o
    0x08004434   0x00000058   Code   RO         6160    i.xTaskCheckForTimeOut  tasks.o
    0x0800448c   0x00000178   Code   RO         6161    i.xTaskGenericCreate  tasks.o
    0x08004604   0x0000000c   Code   RO         6162    i.xTaskGetCurrentTaskHandle  tasks.o
    0x08004610   0x00000060   Code   RO         6165    i.xTaskRemoveFromEventList  tasks.o
    0x08004670   0x000000b0   Code   RO         6166    i.xTaskResumeAll    tasks.o
    0x08004720   0x00000b00   Data   RO         7507    .constdata          signalsgeneration.o
    0x08005220   0x00000024   Data   RO         7598    .constdata          malloc.o
    0x08005244   0x00000020   Data   RO         8027    Region$$Table       anon$$obj.o


    Execution Region RW_IRAM1 (Base: 0x20000000, Size: 0x00014680, Max: 0x00020000, ABSOLUTE, COMPRESSED[0x00000184])

    Base Addr    Size         Type   Attr      Idx    E Section Name        Object

    0x20000000   0x00000014   Data   RW            7    .data               system_stm32f4xx.o
    0x20000014   0x00000014   Data   RW          159    .data               main.o
    0x20000028   0x00000010   Data   RW         3951    .data               stm32f4xx_rcc.o
    0x20000038   0x00000010   Data   RW         6096    .data               heap_4.o
    0x20000048   0x0000003c   Data   RW         6168    .data               tasks.o
    0x20000084   0x00000004   Data   RW         6557    .data               port.o
    0x20000088   0x00000100   Data   RW         6737    .data               crc_8.o
    0x20000188   0x00000004   Data   RW         6816    .data               uart.o
    0x2000018c   0x00000011   Data   RW         6907    .data               ads1255.o
    0x2000019d   0x00000003   Data   RW         7143    .data               direction.o
    0x200001a0   0x00000003   Data   RW         7144    .data               direction.o
    0x200001a3   0x00000003   Data   RW         7145    .data               direction.o
    0x200001a6   0x00000003   Data   RW         7146    .data               direction.o
    0x200001a9   0x00000003   Data   RW         7147    .data               direction.o
    0x200001ac   0x00000003   Data   RW         7148    .data               direction.o
    0x200001af   0x00000003   Data   RW         7149    .data               direction.o
    0x200001b2   0x00000003   Data   RW         7150    .data               direction.o
    0x200001b5   0x00000003   Data   RW         7151    .data               direction.o
    0x200001b8   0x00000003   Data   RW         7152    .data               direction.o
    0x200001bb   0x00000003   Data   RW         7153    .data               direction.o
    0x200001be   0x00000003   Data   RW         7154    .data               direction.o
    0x200001c1   0x00000003   Data   RW         7155    .data               direction.o
    0x200001c4   0x00000003   Data   RW         7156    .data               direction.o
    0x200001c7   0x00000003   Data   RW         7157    .data               direction.o
    0x200001ca   0x00000003   Data   RW         7158    .data               direction.o
    0x200001cd   0x00000003   Data   RW         7159    .data               direction.o
    0x200001d0   0x00000003   Data   RW         7160    .data               direction.o
    0x200001d3   0x00000003   Data   RW         7161    .data               direction.o
    0x200001d6   0x00000003   Data   RW         7162    .data               direction.o
    0x200001d9   0x00000003   Data   RW         7163    .data               direction.o
    0x200001dc   0x00000003   Data   RW         7164    .data               direction.o
    0x200001df   0x00000003   Data   RW         7165    .data               direction.o
    0x200001e2   0x00000003   Data   RW         7166    .data               direction.o
    0x200001e5   0x00000003   Data   RW         7167    .data               direction.o
    0x200001e8   0x00000003   Data   RW         7168    .data               direction.o
    0x200001eb   0x00000003   Data   RW         7169    .data               direction.o
    0x200001ee   0x00000002   Data   RW         7298    .data               mechanicalcontrol.o
    0x200001f0   0x00000001   Data   RW         7508    .data               signalsgeneration.o
    0x200001f1   0x00000003   PAD
    0x200001f4   0x00000024   Data   RW         7599    .data               malloc.o
    0x20000218   0x00003c00   Zero   RW         6095    .bss                heap_4.o
    0x20003e18   0x00000120   Zero   RW         6167    .bss                tasks.o
    0x20003f38   0x0000040a   Zero   RW         6673    .bss                rs485.o
    0x20004342   0x00000002   PAD
    0x20004344   0x00000010   Zero   RW         6906    .bss                ads1255.o
    0x20004354   0x0000002a   Zero   RW         7137    .bss                direction.o
    0x2000437e   0x00000002   PAD
    0x20004380   0x0000f000   Zero   RW         7596    .bss                malloc.o
    0x20013380   0x00000f00   Zero   RW         7597    .bss                malloc.o
    0x20014280   0x00000400   Zero   RW          145    STACK               startup_stm32f4xx.o



  Load Region LR$$.ARM.__AT_0x10000000 (Base: 0x10000000, Size: 0x00000000, Max: 0x0000f000, ABSOLUTE)

    Execution Region ER$$.ARM.__AT_0x10000000 (Base: 0x10000000, Size: 0x0000f000, Max: 0x0000f000, ABSOLUTE, UNINIT)

    Base Addr    Size         Type   Attr      Idx    E Section Name        Object

    0x10000000   0x0000f000   Zero   RW         7592    .ARM.__AT_0x10000000  malloc.o



  Load Region LR$$.ARM.__AT_0x1000F000 (Base: 0x1000f000, Size: 0x00000000, Max: 0x00000f00, ABSOLUTE)

    Execution Region ER$$.ARM.__AT_0x1000F000 (Base: 0x1000f000, Size: 0x00000f00, Max: 0x00000f00, ABSOLUTE, UNINIT)

    Base Addr    Size         Type   Attr      Idx    E Section Name        Object

    0x1000f000   0x00000f00   Zero   RW         7593    .ARM.__AT_0x1000F000  malloc.o



  Load Region LR$$.ARM.__AT_0x68000000 (Base: 0x68000000, Size: 0x00000000, Max: 0x000f0000, ABSOLUTE)

    Execution Region ER$$.ARM.__AT_0x68000000 (Base: 0x68000000, Size: 0x000f0000, Max: 0x000f0000, ABSOLUTE, UNINIT)

    Base Addr    Size         Type   Attr      Idx    E Section Name        Object

    0x68000000   0x000f0000   Zero   RW         7594    .ARM.__AT_0x68000000  malloc.o



  Load Region LR$$.ARM.__AT_0x680F0000 (Base: 0x680f0000, Size: 0x00000000, Max: 0x0000f000, ABSOLUTE)

    Execution Region ER$$.ARM.__AT_0x680F0000 (Base: 0x680f0000, Size: 0x0000f000, Max: 0x0000f000, ABSOLUTE, UNINIT)

    Base Addr    Size         Type   Attr      Idx    E Section Name        Object

    0x680f0000   0x0000f000   Zero   RW         7595    .ARM.__AT_0x680F0000  malloc.o


==============================================================================

Image component sizes


      Code (inc. data)   RO Data    RW Data    ZI Data      Debug   Object Name

      3890        336          0         17         16      20174   ads1255.o
        26          0          0          0          0        609   board_init.o
        32          6          0        256          0       1484   crc_8.o
       992         56          0         81         42      12416   direction.o
       162          4          0          0          0       1786   dma.o
       328         24          0         16      15360       6003   heap_4.o
       142          0          0          0          0       3950   list.o
       156         18          0         20          0      11747   main.o
       306         28         36         36    1175040       5675   malloc.o
       542         74          0          2          0       8095   mechanicalcontrol.o
       120         14          0          0          0       1927   misc.o
       328         46          0          4          0       7788   port.o
      1036          0          0          0          0       9473   queue.o
      1250         80          0          0       1034       8362   rs485.o
      1496        218          0          0          0      10436   sensor_test.o
       436         68       2816          1          0       3509   signalsgeneration.o
        36          8        392          0       1024        884   startup_stm32f4xx.o
        88         12          0          0          0       2890   stm32f4xx_dac.o
       414         24          0          0          0       5234   stm32f4xx_dma.o
       144         14          0          0          0       2684   stm32f4xx_exti.o
       338         36          0          0          0       5728   stm32f4xx_flash.o
       216          0          0          0          0       4163   stm32f4xx_gpio.o
        48          6          0          0          0       4363   stm32f4xx_it.o
       248         44          0         16          0       6865   stm32f4xx_rcc.o
        98          0          0          0          0       4222   stm32f4xx_spi.o
        48          6          0          0          0        756   stm32f4xx_syscfg.o
       200         28          0          0          0       5946   stm32f4xx_tim.o
       338          8          0          0          0       6899   stm32f4xx_usart.o
       300         52          0          0          0       2947   stmflash.o
        48          8          0          0          0        639   system_rcc_init.o
       296         40          0         20          0     325953   system_stm32f4xx.o
      1672        140          0         60        288      19941   tasks.o
      1740        258          0          4          0       4786   uart.o

    ----------------------------------------------------------------------
     17546       1656       3276        536    1192808     518334   Object Totals
         0          0         32          0          0          0   (incl. Generated)
        32          0          0          3          4          0   (incl. Padding)

    ----------------------------------------------------------------------

      Code (inc. data)   RO Data    RW Data    ZI Data      Debug   Library Member Name

        86          0          0          0          0          0   __dczerorl2.o
         0          0          0          0          0          0   entry.o
         0          0          0          0          0          0   entry10a.o
         0          0          0          0          0          0   entry11a.o
         8          4          0          0          0          0   entry2.o
         4          0          0          0          0          0   entry5.o
         0          0          0          0          0          0   entry7b.o
         0          0          0          0          0          0   entry8b.o
         8          4          0          0          0          0   entry9a.o
        30          0          0          0          0          0   handlers.o
        36          8          0          0          0         68   init.o
        36          0          0          0          0         68   memcpya.o
        36          0          0          0          0        108   memseta.o
        24          0          0          0          0         76   strncpy.o

    ----------------------------------------------------------------------
       270         16          0          0          0        320   Library Totals
         2          0          0          0          0          0   (incl. Padding)

    ----------------------------------------------------------------------

      Code (inc. data)   RO Data    RW Data    ZI Data      Debug   Library Name

       268         16          0          0          0        320   mc_w.l

    ----------------------------------------------------------------------
       270         16          0          0          0        320   Library Totals

    ----------------------------------------------------------------------

==============================================================================


      Code (inc. data)   RO Data    RW Data    ZI Data      Debug   

     17816       1672       3276        536    1192808     499634   Grand Totals
     17816       1672       3276        388    1192808     499634   ELF Image Totals (compressed)
     17816       1672       3276        388          0          0   ROM Totals

==============================================================================

    Total RO  Size (Code + RO Data)                21092 (  20.60kB)
    Total RW  Size (RW Data + ZI Data)           1193344 (1165.38kB)
    Total ROM Size (Code + RO Data + RW Data)      21480 (  20.98kB)

==============================================================================

